Archive member included to satisfy reference by file (symbol)

app/libapp.a(main.c.obj)      (--whole-archive)
zephyr/libzephyr.a(cbprintf.c.obj)
                              (--whole-archive)
zephyr/libzephyr.a(cbprintf_packaged.c.obj)
                              (--whole-archive)
zephyr/libzephyr.a(crc32c_sw.c.obj)
                              (--whole-archive)
zephyr/libzephyr.a(crc32_sw.c.obj)
                              (--whole-archive)
zephyr/libzephyr.a(crc16_sw.c.obj)
                              (--whole-archive)
zephyr/libzephyr.a(crc8_sw.c.obj)
                              (--whole-archive)
zephyr/libzephyr.a(crc7_sw.c.obj)
                              (--whole-archive)
zephyr/libzephyr.a(dec.c.obj)
                              (--whole-archive)
zephyr/libzephyr.a(fdtable.c.obj)
                              (--whole-archive)
zephyr/libzephyr.a(hex.c.obj)
                              (--whole-archive)
zephyr/libzephyr.a(notify.c.obj)
                              (--whole-archive)
zephyr/libzephyr.a(printk.c.obj)
                              (--whole-archive)
zephyr/libzephyr.a(onoff.c.obj)
                              (--whole-archive)
zephyr/libzephyr.a(rb.c.obj)  (--whole-archive)
zephyr/libzephyr.a(sem.c.obj)
                              (--whole-archive)
zephyr/libzephyr.a(thread_entry.c.obj)
                              (--whole-archive)
zephyr/libzephyr.a(timeutil.c.obj)
                              (--whole-archive)
zephyr/libzephyr.a(heap.c.obj)
                              (--whole-archive)
zephyr/libzephyr.a(heap-validate.c.obj)
                              (--whole-archive)
zephyr/libzephyr.a(bitarray.c.obj)
                              (--whole-archive)
zephyr/libzephyr.a(multi_heap.c.obj)
                              (--whole-archive)
zephyr/libzephyr.a(cbprintf_complete.c.obj)
                              (--whole-archive)
zephyr/libzephyr.a(ring_buffer.c.obj)
                              (--whole-archive)
zephyr/libzephyr.a(mpsc_pbuf.c.obj)
                              (--whole-archive)
zephyr/libzephyr.a(reboot.c.obj)
                              (--whole-archive)
zephyr/libzephyr.a(fnmatch.c.obj)
                              (--whole-archive)
zephyr/libzephyr.a(configs.c.obj)
                              (--whole-archive)
zephyr/libzephyr.a(soc.c.obj)
                              (--whole-archive)
zephyr/libzephyr.a(log_list.c.obj)
                              (--whole-archive)
zephyr/libzephyr.a(log_core.c.obj)
                              (--whole-archive)
zephyr/libzephyr.a(log_mgmt.c.obj)
                              (--whole-archive)
zephyr/libzephyr.a(log_msg.c.obj)
                              (--whole-archive)
zephyr/libzephyr.a(log_output.c.obj)
                              (--whole-archive)
zephyr/libzephyr.a(log_cmds.c.obj)
                              (--whole-archive)
zephyr/libzephyr.a(kernel_service.c.obj)
                              (--whole-archive)
zephyr/libzephyr.a(devmem_service.c.obj)
                              (--whole-archive)
zephyr/libzephyr.a(shell_uart.c.obj)
                              (--whole-archive)
zephyr/libzephyr.a(shell.c.obj)
                              (--whole-archive)
zephyr/libzephyr.a(shell_fprintf.c.obj)
                              (--whole-archive)
zephyr/libzephyr.a(shell_utils.c.obj)
                              (--whole-archive)
zephyr/libzephyr.a(shell_ops.c.obj)
                              (--whole-archive)
zephyr/libzephyr.a(shell_log_backend.c.obj)
                              (--whole-archive)
zephyr/libzephyr.a(shell_help.c.obj)
                              (--whole-archive)
zephyr/libzephyr.a(shell_cmds.c.obj)
                              (--whole-archive)
zephyr/libzephyr.a(shell_history.c.obj)
                              (--whole-archive)
zephyr/libzephyr.a(shell_wildcard.c.obj)
                              (--whole-archive)
zephyr/libzephyr.a(tracing_none.c.obj)
                              (--whole-archive)
zephyr/arch/common/libarch__common.a(sw_isr_common.c.obj)
                              (--whole-archive)
zephyr/arch/arch/arm/core/aarch32/libarch__arm__core__aarch32.a(cpu_idle.S.obj)
                              (--whole-archive)
zephyr/arch/arch/arm/core/aarch32/libarch__arm__core__aarch32.a(fatal.c.obj)
                              (--whole-archive)
zephyr/arch/arch/arm/core/aarch32/libarch__arm__core__aarch32.a(irq_manage.c.obj)
                              (--whole-archive)
zephyr/arch/arch/arm/core/aarch32/libarch__arm__core__aarch32.a(nmi.c.obj)
                              (--whole-archive)
zephyr/arch/arch/arm/core/aarch32/libarch__arm__core__aarch32.a(nmi_on_reset.S.obj)
                              (--whole-archive)
zephyr/arch/arch/arm/core/aarch32/libarch__arm__core__aarch32.a(prep_c.c.obj)
                              (--whole-archive)
zephyr/arch/arch/arm/core/aarch32/libarch__arm__core__aarch32.a(swap.c.obj)
[...]
Memory Configuration

Name             Origin             Length             Attributes
FLASH            0x18000000         0x00800000         xr
SRAM             0x30180000         0x00300000         xw
SRAM1            0x40140000         0x00004000         rw
IDT_LIST         0xfffff7ff         0x00000800         xw
*default*        0x00000000         0xffffffff

Linker script and memory map

LOAD zephyr/CMakeFiles/zephyr_final.dir/misc/empty_file.c.obj
LOAD zephyr/CMakeFiles/zephyr_final.dir/dev_handles.c.obj
LOAD zephyr/CMakeFiles/zephyr_final.dir/isr_tables.c.obj
LOAD zephyr/CMakeFiles/offsets.dir/./arch/arm/core/offsets/offsets.c.obj
                0x00000020                _region_min_align = 0x20

.rel.plt        0x18000000        0x0
 *(SORT_BY_ALIGNMENT(.rel.plt))
                [!provide]                PROVIDE (__rel_iplt_start = .)
 *(SORT_BY_ALIGNMENT(.rel.iplt))
 .rel.iplt      0x18000000        0x0 zephyr/CMakeFiles/zephyr_final.dir/isr_tables.c.obj
                [!provide]                PROVIDE (__rel_iplt_end = .)

.rela.plt       0x00000000        0x0
 *(SORT_BY_ALIGNMENT(.rela.plt))
                [!provide]                PROVIDE (__rela_iplt_start = .)
 *(SORT_BY_ALIGNMENT(.rela.iplt))
                [!provide]                PROVIDE (__rela_iplt_end = .)

.rel.dyn
 *(SORT_BY_ALIGNMENT(.rel.*))

.rela.dyn
 *(SORT_BY_ALIGNMENT(.rela.*))

/DISCARD/
 *(SORT_BY_ALIGNMENT(.plt))

/DISCARD/
 *(SORT_BY_ALIGNMENT(.iplt))
                0x18000000                __rom_region_start = 0x18000000

rom_start       0x18000000     0x1330
                0x00000400                . = 0x400
 *fill*         0x18000000      0x400 
 *(SORT_BY_ALIGNMENT(.flash_conf))
 .flash_conf    0x18000400      0x200 zephyr/boards/boards/arm/rt_super/lib..__rt_super_z__hello_world__boards__arm__rt_super.a(flash_config.c.obj)
                0x18000400                flexspi_config
                0x00001000                . = 0x1000
 *fill*         0x18000600      0xa00 
 *(SORT_BY_ALIGNMENT(.boot_hdr.ivt))
 .boot_hdr.ivt  0x18001000       0x40 zephyr/libzephyr.a(soc.c.obj)
                0x18001000                image_vector_table
                0x00001200                . = 0x1200
 *fill*         0x18001040      0x1c0 
                0x18001200                . = ALIGN (0x4)
                0x18001200                . = ALIGN (0x80)
                0x18001200                . = ALIGN (0x200)
                0x18001200                _vector_start = .
 *(SORT_BY_ALIGNMENT(.exc_vector_table))
 *(SORT_BY_ALIGNMENT(.exc_vector_table.*))
 .exc_vector_table._vector_table_section
                0x18001200       0x40 zephyr/arch/arch/arm/core/aarch32/cortex_m/libarch__arm__core__aarch32__cortex_m.a(vector_table.S.obj)
                0x18001200                _vector_table
 *(SORT_BY_ALIGNMENT(.gnu.linkonce.irq_vector_table*))
 .gnu.linkonce.irq_vector_table
                0x18001240       0xf0 zephyr/CMakeFiles/zephyr_final.dir/isr_tables.c.obj
                0x18001240                _irq_vector_table
 *(SORT_BY_ALIGNMENT(.vectors))
                0x18001330                _vector_end = .

text            0x18001330     0x9da0
                0x18001330                __text_region_start = .
 *(SORT_BY_ALIGNMENT(.text))
 .text          0x18001330       0x30 c:/arm/bin/../lib/gcc/arm-none-eabi/10.3.1/thumb/v8-m.main/nofp\libgcc.a(_aeabi_uldivmod.o)
                0x18001330                __aeabi_uldivmod
 .text          0x18001360      0x2e8 c:/arm/bin/../lib/gcc/arm-none-eabi/10.3.1/thumb/v8-m.main/nofp\libgcc.a(_udivmoddi4.o)
                0x18001360                __udivmoddi4
 .text          0x18001648        0x4 c:/arm/bin/../lib/gcc/arm-none-eabi/10.3.1/thumb/v8-m.main/nofp\libgcc.a(_dvmd_tls.o)
                0x18001648                __aeabi_idiv0
                0x18001648                __aeabi_ldiv0
 *(SORT_BY_ALIGNMENT(.text.*))
 .text.monkey_handler
                0x1800164c      0x154 app/libapp.a(main.c.obj)
 .text.main     0x180017a0       0x38 app/libapp.a(main.c.obj)
                0x180017a0                main
 .text.char_out
                0x180017d8       0x10 zephyr/libzephyr.a(printk.c.obj)
 .text.__printk_hook_install
                0x180017e8        0xc zephyr/libzephyr.a(printk.c.obj)
                0x180017e8                __printk_hook_install
 .text.vprintk  0x180017f4       0x1c zephyr/libzephyr.a(printk.c.obj)
                0x180017f4                vprintk
 .text.vsnprintk
                0x18001810       0x28 zephyr/libzephyr.a(printk.c.obj)
                0x18001810                vsnprintk
 .text.cbvprintf
                0x18001838      0x784 zephyr/libzephyr.a(cbprintf_complete.c.obj)
                0x18001838                cbvprintf
 .text.sys_reboot
                0x18001fbc       0x28 zephyr/libzephyr.a(reboot.c.obj)
                0x18001fbc                sys_reboot
 .text.nxp_rt600_init
                0x18001fe4      0x168 zephyr/libzephyr.a(soc.c.obj)
 .text.enable_logger
                0x1800214c       0x5c zephyr/libzephyr.a(log_core.c.obj)
 .text.log_process_thread_timer_expiry_fn
                0x180021a8        0xc zephyr/libzephyr.a(log_core.c.obj)
 .text.log_core_init
                0x180021b4       0x58 zephyr/libzephyr.a(log_core.c.obj)
                0x180021b4                log_core_init
 .text.log_init
                0x1800220c       0x50 zephyr/libzephyr.a(log_core.c.obj)
                0x1800220c                log_init
 .text.get_msg  0x1800225c       0x28 zephyr/libzephyr.a(log_core.c.obj)
                0x1800225c                get_msg
 .text.z_log_notify_backend_enabled
                0x18002284       0x1c zephyr/libzephyr.a(log_core.c.obj)
                0x18002284                z_log_notify_backend_enabled
 .text.z_log_dropped
                0x180022a0       0x2c zephyr/libzephyr.a(log_core.c.obj)
                0x180022a0                z_log_dropped
 .text.z_log_dropped_read_and_clear
                0x180022cc       0x18 zephyr/libzephyr.a(log_core.c.obj)
                0x180022cc                z_log_dropped_read_and_clear
 .text.dropped_notify
                0x180022e4       0x38 zephyr/libzephyr.a(log_core.c.obj)
                0x180022e4                dropped_notify
 .text.z_log_strdup
                0x1800231c       0x64 zephyr/libzephyr.a(log_core.c.obj)
                0x1800231c                z_log_strdup
 .text.log_is_strdup
                0x18002380       0x1c zephyr/libzephyr.a(log_core.c.obj)
                0x18002380                log_is_strdup
 .text.z_impl_log_process
                0x1800239c      0x160 zephyr/libzephyr.a(log_core.c.obj)
                0x1800239c                z_impl_log_process
 .text.log_process_thread_func
                0x180024fc       0x48 zephyr/libzephyr.a(log_core.c.obj)
 .text.msg_finalize
                0x18002544       0xbc zephyr/libzephyr.a(log_core.c.obj)
 .text.z_impl_log_panic
                0x18002600       0x48 zephyr/libzephyr.a(log_core.c.obj)
                0x18002600                z_impl_log_panic
 .text.z_log_free
                0x18002648       0x2c zephyr/libzephyr.a(log_core.c.obj)
                0x18002648                z_log_free
 .text.z_log_runtime_filters_init
                0x18002674       0x3c zephyr/libzephyr.a(log_mgmt.c.obj)
                0x18002674                z_log_runtime_filters_init
 .text.log_source_name_get
                0x180026b0       0x1c zephyr/libzephyr.a(log_mgmt.c.obj)
                0x180026b0                log_source_name_get
 .text.z_impl_log_filter_set
                0x180026cc       0xa8 zephyr/libzephyr.a(log_mgmt.c.obj)
                0x180026cc                z_impl_log_filter_set
 .text.backend_filter_set
                0x18002774       0x30 zephyr/libzephyr.a(log_mgmt.c.obj)
 .text.log_backend_enable
                0x180027a4       0x2c zephyr/libzephyr.a(log_mgmt.c.obj)
                0x180027a4                log_backend_enable
 .text.log_filter_get
                0x180027d0       0x34 zephyr/libzephyr.a(log_mgmt.c.obj)
                0x180027d0                log_filter_get
 .text.log_msg_pool_init
                0x18002804       0x14 zephyr/libzephyr.a(log_msg.c.obj)
                0x18002804                log_msg_pool_init
 .text.log_msg_no_space_handle
                0x18002818       0x30 zephyr/libzephyr.a(log_msg.c.obj)
                0x18002818                log_msg_no_space_handle
 .text.log_msg_chunk_alloc
                0x18002848       0x28 zephyr/libzephyr.a(log_msg.c.obj)
                0x18002848                log_msg_chunk_alloc
 .text.msg_free
                0x18002870       0x7c zephyr/libzephyr.a(log_msg.c.obj)
 .text.log_msg_mem_get_free
                0x180028ec       0x10 zephyr/libzephyr.a(log_msg.c.obj)
                0x180028ec                log_msg_mem_get_free
 .text.log_msg_mem_get_used
                0x180028fc        0xc zephyr/libzephyr.a(log_msg.c.obj)
                0x180028fc                log_msg_mem_get_used
 .text.print_formatted
                0x18002908       0x24 zephyr/libzephyr.a(log_output.c.obj)
 .text.hexdump_line_print
                0x1800292c       0xdc zephyr/libzephyr.a(log_output.c.obj)
 .text.prefix_print
                0x18002a08      0x124 zephyr/libzephyr.a(log_output.c.obj)
 .text.postfix_print
                0x18002b2c       0x3c zephyr/libzephyr.a(log_output.c.obj)
 .text.log_output_msg_process
                0x18002b68       0xf8 zephyr/libzephyr.a(log_output.c.obj)
                0x18002b68                log_output_msg_process
 .text.log_output_dropped_process
                0x18002c60       0x58 zephyr/libzephyr.a(log_output.c.obj)
                0x18002c60                log_output_dropped_process
 .text.log_output_timestamp_freq_set
                0x18002cb8       0x30 zephyr/libzephyr.a(log_output.c.obj)
                0x18002cb8                log_output_timestamp_freq_set
 .text.severity_lvl_get
                0x18002ce8       0x24 zephyr/libzephyr.a(log_cmds.c.obj)
 .text.backend_name_get
                0x18002d0c       0x30 zephyr/libzephyr.a(log_cmds.c.obj)
 .text.cmd_log_memory_slabs
                0x18002d3c       0x40 zephyr/libzephyr.a(log_cmds.c.obj)
 .text.cmd_log_backends_list
                0x18002d7c       0x60 zephyr/libzephyr.a(log_cmds.c.obj)
 .text.log_status
                0x18002ddc       0xb8 zephyr/libzephyr.a(log_cmds.c.obj)
 .text.module_name_get
                0x18002e94       0x20 zephyr/libzephyr.a(log_cmds.c.obj)
 .text.shell_backend_cmd_execute
                0x18002eb4       0x78 zephyr/libzephyr.a(log_cmds.c.obj)
 .text.cmd_log_backend_status
                0x18002f2c       0x10 zephyr/libzephyr.a(log_cmds.c.obj)
 .text.cmd_log_backend_halt
                0x18002f3c        0xc zephyr/libzephyr.a(log_cmds.c.obj)
 .text.cmd_log_backend_go
                0x18002f48        0xc zephyr/libzephyr.a(log_cmds.c.obj)
 .text.cmd_log_backend_enable
                0x18002f54        0xc zephyr/libzephyr.a(log_cmds.c.obj)
 .text.cmd_log_backend_disable
                0x18002f60        0xc zephyr/libzephyr.a(log_cmds.c.obj)
 .text.shell_state_precheck
                0x18002f6c       0x20 zephyr/libzephyr.a(log_cmds.c.obj)
 .text.filters_set
                0x18002f8c       0xd0 zephyr/libzephyr.a(log_cmds.c.obj)
 .text.log_enable
                0x1800305c       0x60 zephyr/libzephyr.a(log_cmds.c.obj)
 .text.cmd_kernel_version
                0x180030bc       0x2c zephyr/libzephyr.a(kernel_service.c.obj)
 .text.cmd_kernel_uptime
                0x180030e8       0x24 zephyr/libzephyr.a(kernel_service.c.obj)
 .text.cmd_kernel_threads
                0x1800310c       0x38 zephyr/libzephyr.a(kernel_service.c.obj)
 .text.cmd_kernel_stacks
                0x18003144       0x5c zephyr/libzephyr.a(kernel_service.c.obj)
 .text.shell_tdata_dump
                0x180031a0       0xc4 zephyr/libzephyr.a(kernel_service.c.obj)
 .text.cmd_kernel_cycles
                0x18003264       0x1c zephyr/libzephyr.a(kernel_service.c.obj)
 .text.shell_stack_dump
                0x18003280       0x64 zephyr/libzephyr.a(kernel_service.c.obj)
 .text.cmd_devmem
                0x180032e4       0xc4 zephyr/libzephyr.a(devmem_service.c.obj)
 .text.set_bypass.isra.0
                0x180033a8       0x48 zephyr/libzephyr.a(devmem_service.c.obj)
 .text.bypass_cb
                0x180033f0      0x118 zephyr/libzephyr.a(devmem_service.c.obj)
 .text.cmd_load
                0x18003508       0xe0 zephyr/libzephyr.a(devmem_service.c.obj)
 .text.timer_handler
                0x180035e8       0x60 zephyr/libzephyr.a(shell_uart.c.obj)
 .text.enable_shell_uart
                0x18003648       0x38 zephyr/libzephyr.a(shell_uart.c.obj)
 .text.init     0x18003680       0x34 zephyr/libzephyr.a(shell_uart.c.obj)
 .text.shell_internal_help_print
                0x180036b4       0x20 zephyr/libzephyr.a(shell.c.obj)
 .text.z_cursor_next_line_move.isra.0
                0x180036d4        0xc zephyr/libzephyr.a(shell.c.obj)
 .text.history_handle
                0x180036e0       0xa4 zephyr/libzephyr.a(shell.c.obj)
 .text.execute  0x18003784      0x2bc zephyr/libzephyr.a(shell.c.obj)
 .text.state_set.constprop.0
                0x18003a40       0x48 zephyr/libzephyr.a(shell.c.obj)
 .text.shell_process
                0x18003a88      0x68c zephyr/libzephyr.a(shell.c.obj)
                0x18003a88                shell_process
 .text.shell_init
                0x18004114       0xf0 zephyr/libzephyr.a(shell.c.obj)
                0x18004114                shell_init
 .text.shell_start
                0x18004204       0x4c zephyr/libzephyr.a(shell.c.obj)
                0x18004204                shell_start
 .text.shell_thread
                0x18004250       0xc8 zephyr/libzephyr.a(shell.c.obj)
                0x18004250                shell_thread
 .text.cmd_help
                0x18004318       0x4c zephyr/libzephyr.a(shell.c.obj)
 .text.z_shell_fprintf_fmt
                0x18004364       0x28 zephyr/libzephyr.a(shell_fprintf.c.obj)
                0x18004364                z_shell_fprintf_fmt
 .text.z_shell_cmd_get
                0x1800438c       0x4c zephyr/libzephyr.a(shell_utils.c.obj)
                0x1800438c                z_shell_cmd_get
 .text.z_clear_eos
                0x180043d8       0x18 zephyr/libzephyr.a(shell_ops.c.obj)
 .text.z_cursor_next_line_move.isra.0
                0x180043f0        0xc zephyr/libzephyr.a(shell_ops.c.obj)
 .text.z_shell_op_cursor_vert_move
                0x180043fc       0x2c zephyr/libzephyr.a(shell_ops.c.obj)
                0x180043fc                z_shell_op_cursor_vert_move
 .text.z_shell_op_cursor_horiz_move
                0x18004428       0x2c zephyr/libzephyr.a(shell_ops.c.obj)
                0x18004428                z_shell_op_cursor_horiz_move
 .text.z_shell_print_cmd
                0x18004454       0x10 zephyr/libzephyr.a(shell_ops.c.obj)
                0x18004454                z_shell_print_cmd
 .text.z_shell_vt100_color_set
                0x18004464       0x40 zephyr/libzephyr.a(shell_ops.c.obj)
                0x18004464                z_shell_vt100_color_set
 .text.z_shell_vt100_colors_restore
                0x180044a4       0x3c zephyr/libzephyr.a(shell_ops.c.obj)
                0x180044a4                z_shell_vt100_colors_restore
 .text.z_shell_op_word_remove
                0x180044e0       0xb8 zephyr/libzephyr.a(shell_ops.c.obj)
                0x180044e0                z_shell_op_word_remove
 .text.reprint_from_cursor
                0x18004598       0x78 zephyr/libzephyr.a(shell_ops.c.obj)
 .text.z_shell_op_char_insert
                0x18004610       0x68 zephyr/libzephyr.a(shell_ops.c.obj)
                0x18004610                z_shell_op_char_insert
 .text.z_shell_print_prompt_and_cmd
                0x18004678       0x30 zephyr/libzephyr.a(shell_ops.c.obj)
                0x18004678                z_shell_print_prompt_and_cmd
 .text.z_cursor_next_line_move.isra.0
                0x180046a8        0xc zephyr/libzephyr.a(shell_help.c.obj)
 .text.z_shell_help_subcmd_print
                0x180046b4       0xb0 zephyr/libzephyr.a(shell_help.c.obj)
                0x180046b4                z_shell_help_subcmd_print
 .text.z_shell_help_cmd_print
                0x18004764       0x48 zephyr/libzephyr.a(shell_help.c.obj)
                0x18004764                z_shell_help_cmd_print
 .text.z_shell_help_request
                0x180047ac       0x28 zephyr/libzephyr.a(shell_help.c.obj)
                0x180047ac                z_shell_help_request
 .text.cmd_resize_default
                0x180047d4       0x28 zephyr/libzephyr.a(shell_cmds.c.obj)
 .text.cmd_shell_stats_show
                0x180047fc       0x18 zephyr/libzephyr.a(shell_cmds.c.obj)
 .text.cmd_history
                0x18004814       0x44 zephyr/libzephyr.a(shell_cmds.c.obj)
 .text.cmd_echo
                0x18004858       0x54 zephyr/libzephyr.a(shell_cmds.c.obj)
 .text.cmd_clear
                0x180048ac       0x34 zephyr/libzephyr.a(shell_cmds.c.obj)
 .text.cmd_resize
                0x180048e0      0x190 zephyr/libzephyr.a(shell_cmds.c.obj)
 .text.z_shell_wildcard_process
                0x18004a70       0xe8 zephyr/libzephyr.a(shell_wildcard.c.obj)
                0x18004a70                z_shell_wildcard_process
 .text.z_arm_cpu_idle_init
                0x18004b58        0xc zephyr/arch/arch/arm/core/aarch32/libarch__arm__core__aarch32.a(cpu_idle.S.obj)
                0x18004b58                z_arm_cpu_idle_init
 .text.arch_cpu_idle
                0x18004b64       0x1c zephyr/arch/arch/arm/core/aarch32/libarch__arm__core__aarch32.a(cpu_idle.S.obj)
                0x18004b64                arch_cpu_idle
 .text.z_arm_fatal_error
                0x18004b80       0x88 zephyr/arch/arch/arm/core/aarch32/libarch__arm__core__aarch32.a(fatal.c.obj)
                0x18004b80                z_arm_fatal_error
 .text.arch_irq_enable
                0x18004c08       0x20 zephyr/arch/arch/arm/core/aarch32/libarch__arm__core__aarch32.a(irq_manage.c.obj)
                0x18004c08                arch_irq_enable
 .text.z_arm_irq_priority_set
                0x18004c28       0x2c zephyr/arch/arch/arm/core/aarch32/libarch__arm__core__aarch32.a(irq_manage.c.obj)
                0x18004c28                z_arm_irq_priority_set
 .text.z_SysNmiOnReset
                0x18004c54        0x8 zephyr/arch/arch/arm/core/aarch32/libarch__arm__core__aarch32.a(nmi_on_reset.S.obj)
                0x18004c54                z_SysNmiOnReset
 .text.z_arm_prep_c
                0x18004c5c       0x48 zephyr/arch/arch/arm/core/aarch32/libarch__arm__core__aarch32.a(prep_c.c.obj)
                0x18004c5c                z_arm_prep_c
 .text.arch_swap
                0x18004ca4       0x38 zephyr/arch/arch/arm/core/aarch32/libarch__arm__core__aarch32.a(swap.c.obj)
                0x18004ca4                arch_swap
 .text.z_arm_pendsv
                0x18004cdc       0x5c zephyr/arch/arch/arm/core/aarch32/libarch__arm__core__aarch32.a(swap_helper.S.obj)
                0x18004cdc                z_arm_pendsv
 .text.z_arm_svc
                0x18004d38       0x20 zephyr/arch/arch/arm/core/aarch32/libarch__arm__core__aarch32.a(swap_helper.S.obj)
                0x18004d38                z_arm_svc
 .text.arch_new_thread
                0x18004d58       0x38 zephyr/arch/arch/arm/core/aarch32/libarch__arm__core__aarch32.a(thread.c.obj)
                0x18004d58                arch_new_thread
 .text.arch_switch_to_main_thread
                0x18004d90       0x2c zephyr/arch/arch/arm/core/aarch32/libarch__arm__core__aarch32.a(thread.c.obj)
                0x18004d90                arch_switch_to_main_thread
 .text._isr_wrapper
                0x18004dbc       0x28 zephyr/arch/arch/arm/core/aarch32/libarch__arm__core__aarch32.a(isr_wrapper.S.obj)
                0x18004dbc                _isr_wrapper
 .text._HandlerModeExit
                0x18004de4       0x1c zephyr/arch/arch/arm/core/aarch32/cortex_m/libarch__arm__core__aarch32__cortex_m.a(exc_exit.S.obj)
                0x18004de4                z_arm_int_exit
                0x18004de4                z_arm_exc_exit
 .text.secure_fault.constprop.0
                0x18004e00      0x158 zephyr/arch/arch/arm/core/aarch32/cortex_m/libarch__arm__core__aarch32__cortex_m.a(fault.c.obj)
 .text.usage_fault.constprop.0
                0x18004f58      0x140 zephyr/arch/arch/arm/core/aarch32/cortex_m/libarch__arm__core__aarch32__cortex_m.a(fault.c.obj)
 .text.bus_fault.constprop.0
                0x18005098      0x148 zephyr/arch/arch/arm/core/aarch32/cortex_m/libarch__arm__core__aarch32__cortex_m.a(fault.c.obj)
 .text.mem_manage_fault.constprop.0
                0x180051e0      0x130 zephyr/arch/arch/arm/core/aarch32/cortex_m/libarch__arm__core__aarch32__cortex_m.a(fault.c.obj)
 .text.z_arm_fault
                0x18005310      0x274 zephyr/arch/arch/arm/core/aarch32/cortex_m/libarch__arm__core__aarch32__cortex_m.a(fault.c.obj)
                0x18005310                z_arm_fault
 .text.z_arm_fault_init
                0x18005584       0x18 zephyr/arch/arch/arm/core/aarch32/cortex_m/libarch__arm__core__aarch32__cortex_m.a(fault.c.obj)
                0x18005584                z_arm_fault_init
 .text.__fault  0x1800559c       0x14 zephyr/arch/arch/arm/core/aarch32/cortex_m/libarch__arm__core__aarch32__cortex_m.a(fault_s.S.obj)
                0x1800559c                z_arm_bus_fault
                0x1800559c                z_arm_usage_fault
                0x1800559c                z_arm_mpu_fault
                0x1800559c                z_arm_exc_spurious
                0x1800559c                z_arm_debug_monitor
                0x1800559c                z_arm_hard_fault
                0x1800559c                z_arm_secure_fault
 .text.z_arm_interrupt_init
                0x180055b0       0x18 zephyr/arch/arch/arm/core/aarch32/cortex_m/libarch__arm__core__aarch32__cortex_m.a(irq_init.c.obj)
                0x180055b0                z_arm_interrupt_init
 .text._reset_section
                0x180055c8       0x38 zephyr/arch/arch/arm/core/aarch32/cortex_m/libarch__arm__core__aarch32__cortex_m.a(reset.S.obj)
                0x180055c8                __start
                0x180055c8                z_arm_reset
 .text.sys_arch_reboot
                0x18005600       0x24 zephyr/arch/arch/arm/core/aarch32/cortex_m/libarch__arm__core__aarch32__cortex_m.a(scb.c.obj)
                0x18005600                sys_arch_reboot
 .text.z_impl_k_thread_abort
                0x18005624       0x24 zephyr/arch/arch/arm/core/aarch32/cortex_m/libarch__arm__core__aarch32__cortex_m.a(thread_abort.c.obj)
                0x18005624                z_impl_k_thread_abort
 .text.z_arm_configure_static_mpu_regions
                0x18005648       0x38 zephyr/arch/arch/arm/core/aarch32/mpu/libarch__arm__core__aarch32__mpu.a(arm_core_mpu.c.obj)
                0x18005648                z_arm_configure_static_mpu_regions
 .text.region_init
                0x18005680       0x34 zephyr/arch/arch/arm/core/aarch32/mpu/libarch__arm__core__aarch32__mpu.a(arm_mpu.c.obj)
 .text.region_allocate_and_init
                0x180056b4       0x3c zephyr/arch/arch/arm/core/aarch32/mpu/libarch__arm__core__aarch32__mpu.a(arm_mpu.c.obj)
 .text.mpu_configure_regions_and_partition.constprop.0
                0x180056f0      0x1a0 zephyr/arch/arch/arm/core/aarch32/mpu/libarch__arm__core__aarch32__mpu.a(arm_mpu.c.obj)
 .text.arm_core_mpu_enable
                0x18005890       0x18 zephyr/arch/arch/arm/core/aarch32/mpu/libarch__arm__core__aarch32__mpu.a(arm_mpu.c.obj)
                0x18005890                arm_core_mpu_enable
 .text.arm_core_mpu_disable
                0x180058a8       0x14 zephyr/arch/arch/arm/core/aarch32/mpu/libarch__arm__core__aarch32__mpu.a(arm_mpu.c.obj)
                0x180058a8                arm_core_mpu_disable
 .text.arm_core_mpu_configure_static_mpu_regions
                0x180058bc       0x14 zephyr/arch/arch/arm/core/aarch32/mpu/libarch__arm__core__aarch32__mpu.a(arm_mpu.c.obj)
                0x180058bc                arm_core_mpu_configure_static_mpu_regions
 .text.arm_core_mpu_mark_areas_for_dynamic_regions
                0x180058d0       0xb8 zephyr/arch/arch/arm/core/aarch32/mpu/libarch__arm__core__aarch32__mpu.a(arm_mpu.c.obj)
                0x180058d0                arm_core_mpu_mark_areas_for_dynamic_regions
 .text.z_arm_mpu_init
                0x18005988       0x4c zephyr/arch/arch/arm/core/aarch32/mpu/libarch__arm__core__aarch32__mpu.a(arm_mpu.c.obj)
                0x18005988                z_arm_mpu_init
 .text.__stdout_hook_install
                0x180059d4        0xc zephyr/lib/libc/minimal/liblib__libc__minimal.a(stdout_console.c.obj)
                0x180059d4                __stdout_hook_install
 .text.rt_super_pinmux_init
                0x180059e0       0x18 zephyr/boards/boards/arm/rt_super/lib..__rt_super_z__hello_world__boards__arm__rt_super.a(pinmux.c.obj)
 .text.uart_console_init
                0x180059f8       0x30 zephyr/drivers/console/libdrivers__console.a(uart_console.c.obj)
 .text.console_out
                0x18005a28       0x28 zephyr/drivers/console/libdrivers__console.a(uart_console.c.obj)
 .text.gpio_mcux_lpc_pin_interrupt_configure
                0x18005a50       0xfc zephyr/drivers/gpio/libdrivers__gpio.a(gpio_mcux_lpc.c.obj)
 .text.mcux_lpc_ostick_isr
                0x18005b4c       0x68 zephyr/drivers/timer/libdrivers__timer.a(mcux_os_timer.c.obj)
                0x18005b4c                mcux_lpc_ostick_isr
 .text.sys_clock_driver_init
                0x18005bb4       0x54 zephyr/drivers/timer/libdrivers__timer.a(mcux_os_timer.c.obj)
 .text.sys_clock_set_timeout
                0x18005c08       0x94 zephyr/drivers/timer/libdrivers__timer.a(mcux_os_timer.c.obj)
                0x18005c08                sys_clock_set_timeout
 .text.sys_clock_elapsed
                0x18005c9c       0x38 zephyr/drivers/timer/libdrivers__timer.a(mcux_os_timer.c.obj)
                0x18005c9c                sys_clock_elapsed
 .text.sys_clock_cycle_get_32
                0x18005cd4       0x10 zephyr/drivers/timer/libdrivers__timer.a(mcux_os_timer.c.obj)
                0x18005cd4                sys_clock_cycle_get_32
 .text.CLOCK_GetOsc32KFreq
                0x18005ce4       0x18 modules/hal_nxp/hal_nxp/lib..__modules__hal__nxp.a(fsl_clock.c.obj)
 .text.CLOCK_GetXtalInClkFreq
                0x18005cfc       0x2c modules/hal_nxp/hal_nxp/lib..__modules__hal__nxp.a(fsl_clock.c.obj)
 .text.CLOCK_GetFFroFreq
                0x18005d28       0x28 modules/hal_nxp/hal_nxp/lib..__modules__hal__nxp.a(fsl_clock.c.obj)
                0x18005d28                CLOCK_GetFFroFreq
 .text.CLOCK_GetSysPllFreq
                0x18005d50       0x5c modules/hal_nxp/hal_nxp/lib..__modules__hal__nxp.a(fsl_clock.c.obj)
                0x18005d50                CLOCK_GetSysPllFreq
 .text.CLOCK_GetSysPfdFreq
                0x18005dac       0x60 modules/hal_nxp/hal_nxp/lib..__modules__hal__nxp.a(fsl_clock.c.obj)
                0x18005dac                CLOCK_GetSysPfdFreq
 .text.CLOCK_GetMainPllClkFreq
                0x18005e0c       0x1c modules/hal_nxp/hal_nxp/lib..__modules__hal__nxp.a(fsl_clock.c.obj)
 .text.CLOCK_GetAux0PllClkFreq
                0x18005e28       0x1c modules/hal_nxp/hal_nxp/lib..__modules__hal__nxp.a(fsl_clock.c.obj)
 .text.CLOCK_GetAux1PllClkFreq
                0x18005e44       0x1c modules/hal_nxp/hal_nxp/lib..__modules__hal__nxp.a(fsl_clock.c.obj)
 .text.CLOCK_GetAudioPllFreq
                0x18005e60       0x5c modules/hal_nxp/hal_nxp/lib..__modules__hal__nxp.a(fsl_clock.c.obj)
                0x18005e60                CLOCK_GetAudioPllFreq
 .text.CLOCK_GetAudioPfdFreq
                0x18005ebc       0x60 modules/hal_nxp/hal_nxp/lib..__modules__hal__nxp.a(fsl_clock.c.obj)
                0x18005ebc                CLOCK_GetAudioPfdFreq
 .text.CLOCK_GetAudioPllClkFreq
                0x18005f1c       0x1c modules/hal_nxp/hal_nxp/lib..__modules__hal__nxp.a(fsl_clock.c.obj)
 .text.CLOCK_GetMainClkFreq
                0x18005f38       0x68 modules/hal_nxp/hal_nxp/lib..__modules__hal__nxp.a(fsl_clock.c.obj)
                0x18005f38                CLOCK_GetMainClkFreq
 .text.CLOCK_GetFRGClock
                0x18005fa0       0xb0 modules/hal_nxp/hal_nxp/lib..__modules__hal__nxp.a(fsl_clock.c.obj)
                0x18005fa0                CLOCK_GetFRGClock
 .text.CLOCK_GetFlexCommClkFreq
                0x18006050       0x60 modules/hal_nxp/hal_nxp/lib..__modules__hal__nxp.a(fsl_clock.c.obj)
                0x18006050                CLOCK_GetFlexCommClkFreq
 .text.CLOCK_GetSdioClkFreq
                0x180060b0       0x64 modules/hal_nxp/hal_nxp/lib..__modules__hal__nxp.a(fsl_clock.c.obj)
                0x180060b0                CLOCK_GetSdioClkFreq
 .text.CLOCK_EnableFfroClk
                0x18006114       0xc0 modules/hal_nxp/hal_nxp/lib..__modules__hal__nxp.a(fsl_clock.c.obj)
                0x18006114                CLOCK_EnableFfroClk
 .text.CLOCK_EnableSfroClk
                0x180061d4       0x48 modules/hal_nxp/hal_nxp/lib..__modules__hal__nxp.a(fsl_clock.c.obj)
                0x180061d4                CLOCK_EnableSfroClk
 .text.CLOCK_InitSysPll
                0x1800621c      0x108 modules/hal_nxp/hal_nxp/lib..__modules__hal__nxp.a(fsl_clock.c.obj)
                0x1800621c                CLOCK_InitSysPll
 .text.CLOCK_InitSysPfd
                0x18006324       0x44 modules/hal_nxp/hal_nxp/lib..__modules__hal__nxp.a(fsl_clock.c.obj)
                0x18006324                CLOCK_InitSysPfd
 .text.CLOCK_EnableSysOscClk
                0x18006368       0x28 modules/hal_nxp/hal_nxp/lib..__modules__hal__nxp.a(fsl_clock.c.obj)
                0x18006368                CLOCK_EnableSysOscClk
 .text.POWER_UpdateOscSettlingTime
                0x18006390        0xc modules/hal_nxp/hal_nxp/lib..__modules__hal__nxp.a(fsl_power.c.obj)
                0x18006390                POWER_UpdateOscSettlingTime
 .text.EnableDeepSleepIRQ
                0x1800639c       0x3c modules/hal_nxp/hal_nxp/lib..__modules__hal__nxp.a(fsl_power.c.obj)
                0x1800639c                EnableDeepSleepIRQ
 .text.RESET_SetPeripheralReset
                0x180063d8       0x6c modules/hal_nxp/hal_nxp/lib..__modules__hal__nxp.a(fsl_reset.c.obj)
                0x180063d8                RESET_SetPeripheralReset
 .text.RESET_ClearPeripheralReset
                0x18006444       0x78 modules/hal_nxp/hal_nxp/lib..__modules__hal__nxp.a(fsl_reset.c.obj)
                0x18006444                RESET_ClearPeripheralReset
 .text.SDK_DelayAtLeastUs
                0x180064bc       0x20 modules/hal_nxp/hal_nxp/lib..__modules__hal__nxp.a(fsl_common_arm.c.obj)
                0x180064bc                SDK_DelayAtLeastUs
 .text.CLOCK_EnableClock
                0x180064dc       0x64 modules/hal_nxp/hal_nxp/lib..__modules__hal__nxp.a(fsl_gpio.c.obj)
 .text.GPIO_PortInit
                0x18006540       0x24 modules/hal_nxp/hal_nxp/lib..__modules__hal__nxp.a(fsl_gpio.c.obj)
                0x18006540                GPIO_PortInit
 .text.PINT_Init
                0x18006564       0x48 modules/hal_nxp/hal_nxp/lib..__modules__hal__nxp.a(fsl_pint.c.obj)
                0x18006564                PINT_Init
 .text.PINT_PinInterruptConfig
                0x180065ac       0x4c modules/hal_nxp/hal_nxp/lib..__modules__hal__nxp.a(fsl_pint.c.obj)
                0x180065ac                PINT_PinInterruptConfig
 .text.INPUTMUX_Init
                0x180065f8       0x10 modules/hal_nxp/hal_nxp/lib..__modules__hal__nxp.a(fsl_inputmux.c.obj)
                0x180065f8                INPUTMUX_Init
 .text.INPUTMUX_Deinit
                0x18006608       0x10 modules/hal_nxp/hal_nxp/lib..__modules__hal__nxp.a(fsl_inputmux.c.obj)
                0x18006608                INPUTMUX_Deinit
 .text.OSTIMER_GetInstance
                0x18006618       0x10 modules/hal_nxp/hal_nxp/lib..__modules__hal__nxp.a(fsl_ostimer.c.obj)
 .text.OSTIMER_HandleIRQ
                0x18006628       0x24 modules/hal_nxp/hal_nxp/lib..__modules__hal__nxp.a(fsl_ostimer.c.obj)
                0x18006628                OSTIMER_HandleIRQ
 .text.OSTIMER_Init
                0x1800664c       0x10 modules/hal_nxp/hal_nxp/lib..__modules__hal__nxp.a(fsl_ostimer.c.obj)
                0x1800664c                OSTIMER_Init
 .text.OSTIMER_SetMatchRawValue
                0x1800665c       0x94 modules/hal_nxp/hal_nxp/lib..__modules__hal__nxp.a(fsl_ostimer.c.obj)
                0x1800665c                OSTIMER_SetMatchRawValue
 .text.FLEXCOMM_GetInstance
                0x180066f0       0x1c modules/hal_nxp/hal_nxp/lib..__modules__hal__nxp.a(fsl_flexcomm.c.obj)
                0x180066f0                FLEXCOMM_GetInstance
 .text.FLEXCOMM_Init
                0x1800670c       0xcc modules/hal_nxp/hal_nxp/lib..__modules__hal__nxp.a(fsl_flexcomm.c.obj)
                0x1800670c                FLEXCOMM_Init
 .text.z_sys_init_run_level
                0x180067d8       0x40 zephyr/kernel/libkernel.a(device.c.obj)
                0x180067d8                z_sys_init_run_level
 .text.z_impl_z_errno
                0x18006818        0xc zephyr/kernel/libkernel.a(errno.c.obj)
                0x18006818                z_impl_z_errno
 .text.k_sys_fatal_error_handler
                0x18006824       0x34 zephyr/kernel/libkernel.a(fatal.c.obj)
                0x18006824                k_sys_fatal_error_handler
 .text.z_fatal_error
                0x18006858       0xf0 zephyr/kernel/libkernel.a(fatal.c.obj)
                0x18006858                z_fatal_error
 .text.init_idle_thread
                0x18006948       0x68 zephyr/kernel/libkernel.a(init.c.obj)
 .text.bg_thread_main
                0x180069b0       0x34 zephyr/kernel/libkernel.a(init.c.obj)
 .text.z_bss_zero
                0x180069e4       0x14 zephyr/kernel/libkernel.a(init.c.obj)
                0x180069e4                z_bss_zero
 .text.z_cstart
                0x180069f8      0x100 zephyr/kernel/libkernel.a(init.c.obj)
                0x180069f8                z_cstart
 .text.init_mem_slab_module
                0x18006af8       0x44 zephyr/kernel/libkernel.a(mem_slab.c.obj)
 .text.k_mem_slab_alloc
                0x18006b3c       0x5c zephyr/kernel/libkernel.a(mem_slab.c.obj)
                0x18006b3c                k_mem_slab_alloc
 .text.k_thread_foreach
                0x18006b98       0x34 zephyr/kernel/libkernel.a(thread.c.obj)
                0x18006b98                k_thread_foreach
 .text.z_thread_monitor_exit
                0x18006bcc       0x3c zephyr/kernel/libkernel.a(thread.c.obj)
                0x18006bcc                z_thread_monitor_exit
 .text.z_impl_k_thread_name_set
                0x18006c08       0x20 zephyr/kernel/libkernel.a(thread.c.obj)
                0x18006c08                z_impl_k_thread_name_set
 .text.k_thread_state_str
                0x18006c28       0x74 zephyr/kernel/libkernel.a(thread.c.obj)
                0x18006c28                k_thread_state_str
 .text.z_setup_new_thread
                0x18006c9c       0xc0 zephyr/kernel/libkernel.a(thread.c.obj)
                0x18006c9c                z_setup_new_thread
 .text.z_impl_k_thread_create
                0x18006d5c       0x58 zephyr/kernel/libkernel.a(thread.c.obj)
                0x18006d5c                z_impl_k_thread_create
 .text.z_init_static_threads
                0x18006db4       0x98 zephyr/kernel/libkernel.a(thread.c.obj)
                0x18006db4                z_init_static_threads
 .text.sys_kernel_version_get
                0x18006e4c        0x8 zephyr/kernel/libkernel.a(version.c.obj)
                0x18006e4c                sys_kernel_version_get
 .text.z_impl_k_msgq_put
                0x18006e54       0xb0 zephyr/kernel/libkernel.a(msg_q.c.obj)
                0x18006e54                z_impl_k_msgq_put
 .text.z_impl_k_msgq_get
                0x18006f04       0xb4 zephyr/kernel/libkernel.a(msg_q.c.obj)
                0x18006f04                z_impl_k_msgq_get
 .text.z_impl_k_mutex_lock
                0x18006fb8       0xf0 zephyr/kernel/libkernel.a(mutex.c.obj)
                0x18006fb8                z_impl_k_mutex_lock
 .text.z_impl_k_mutex_unlock
                0x180070a8       0x88 zephyr/kernel/libkernel.a(mutex.c.obj)
                0x180070a8                z_impl_k_mutex_unlock
 .text.z_impl_k_sem_give
                0x18007130       0x4c zephyr/kernel/libkernel.a(sem.c.obj)
                0x18007130                z_impl_k_sem_give
 .text.z_impl_k_sem_take
                0x1800717c       0x50 zephyr/kernel/libkernel.a(sem.c.obj)
                0x1800717c                z_impl_k_sem_take
 .text.z_reset_time_slice
                0x180071cc       0x2c zephyr/kernel/libkernel.a(sched.c.obj)
                0x180071cc                z_reset_time_slice
 .text.k_sched_time_slice_set
                0x180071f8       0x50 zephyr/kernel/libkernel.a(sched.c.obj)
                0x180071f8                k_sched_time_slice_set
 .text.z_reschedule
                0x18007248       0x24 zephyr/kernel/libkernel.a(sched.c.obj)
                0x18007248                z_reschedule
 .text.k_sched_lock
                0x1800726c       0x28 zephyr/kernel/libkernel.a(sched.c.obj)
                0x1800726c                k_sched_lock
 .text.update_cache
                0x18007294       0x40 zephyr/kernel/libkernel.a(sched.c.obj)
 .text.move_thread_to_end_of_prio_q
                0x180072d4       0x74 zephyr/kernel/libkernel.a(sched.c.obj)
 .text.z_time_slice
                0x18007348       0x80 zephyr/kernel/libkernel.a(sched.c.obj)
                0x18007348                z_time_slice
 .text.ready_thread
                0x180073c8       0x6c zephyr/kernel/libkernel.a(sched.c.obj)
 .text.z_sched_start
                0x18007434       0x3c zephyr/kernel/libkernel.a(sched.c.obj)
                0x18007434                z_sched_start
 .text.unready_thread
                0x18007470       0x30 zephyr/kernel/libkernel.a(sched.c.obj)
 .text.pend     0x180074a0       0x4c zephyr/kernel/libkernel.a(sched.c.obj)
 .text.z_pend_curr
                0x180074ec       0x28 zephyr/kernel/libkernel.a(sched.c.obj)
                0x180074ec                z_pend_curr
 .text.z_set_prio
                0x18007514       0x90 zephyr/kernel/libkernel.a(sched.c.obj)
                0x18007514                z_set_prio
 .text.z_impl_k_thread_suspend
                0x180075a4       0x64 zephyr/kernel/libkernel.a(sched.c.obj)
                0x180075a4                z_impl_k_thread_suspend
 .text.k_sched_unlock
                0x18007608       0x38 zephyr/kernel/libkernel.a(sched.c.obj)
                0x18007608                k_sched_unlock
 .text.z_sched_init
                0x18007640       0x18 zephyr/kernel/libkernel.a(sched.c.obj)
                0x18007640                z_sched_init
 .text.z_impl_k_yield
                0x18007658       0x80 zephyr/kernel/libkernel.a(sched.c.obj)
                0x18007658                z_impl_k_yield
 .text.z_tick_sleep
                0x180076d8       0x90 zephyr/kernel/libkernel.a(sched.c.obj)
 .text.z_impl_k_sleep
                0x18007768       0x30 zephyr/kernel/libkernel.a(sched.c.obj)
                0x18007768                z_impl_k_sleep
 .text.z_impl_z_current_get
                0x18007798        0xc zephyr/kernel/libkernel.a(sched.c.obj)
                0x18007798                z_impl_z_current_get
 .text.z_impl_k_is_preempt_thread
                0x180077a4       0x20 zephyr/kernel/libkernel.a(sched.c.obj)
                0x180077a4                z_impl_k_is_preempt_thread
 .text.z_thread_abort
                0x180077c4       0xac zephyr/kernel/libkernel.a(sched.c.obj)
                0x180077c4                z_thread_abort
 .text.z_sched_wait
                0x18007870       0x24 zephyr/kernel/libkernel.a(sched.c.obj)
                0x18007870                z_sched_wait
 .text.z_data_copy
                0x18007894       0x34 zephyr/kernel/libkernel.a(xip.c.obj)
                0x18007894                z_data_copy
 .text.elapsed  0x180078c8       0x14 zephyr/kernel/libkernel.a(timeout.c.obj)
 .text.next_timeout
                0x180078dc       0x50 zephyr/kernel/libkernel.a(timeout.c.obj)
 .text.remove_timeout
                0x1800792c       0x34 zephyr/kernel/libkernel.a(timeout.c.obj)
 .text.z_add_timeout
                0x18007960       0xf4 zephyr/kernel/libkernel.a(timeout.c.obj)
                0x18007960                z_add_timeout
 .text.sys_clock_announce
                0x18007a54       0xb8 zephyr/kernel/libkernel.a(timeout.c.obj)
                0x18007a54                sys_clock_announce
 .text.sys_clock_tick_get
                0x18007b0c       0x30 zephyr/kernel/libkernel.a(timeout.c.obj)
                0x18007b0c                sys_clock_tick_get
 .text.z_impl_k_busy_wait
                0x18007b3c       0x2c zephyr/kernel/libkernel.a(timeout.c.obj)
                0x18007b3c                z_impl_k_busy_wait
 .text.z_timer_expiration_handler
                0x18007b68       0x90 zephyr/kernel/libkernel.a(timer.c.obj)
                0x18007b68                z_timer_expiration_handler
 .text.z_impl_k_timer_start
                0x18007bf8       0xa0 zephyr/kernel/libkernel.a(timer.c.obj)
                0x18007bf8                z_impl_k_timer_start
 .text.z_impl_k_poll
                0x18007c98       0xb8 zephyr/kernel/libkernel.a(poll.c.obj)
                0x18007c98                z_impl_k_poll
 .text.z_impl_k_poll_signal_raise
                0x18007d50       0x50 zephyr/kernel/libkernel.a(poll.c.obj)
                0x18007d50                z_impl_k_poll_signal_raise
 .text.boot_banner
                0x18007da0       0x18 zephyr/kernel/libkernel.a(banner.c.obj)
                0x18007da0                boot_banner
 .text.statics_init
                0x18007db8       0x24 zephyr/kernel/libkernel.a(kheap.c.obj)
 .text.k_sys_work_q_init
                0x18007ddc       0x34 zephyr/kernel/libkernel.a(system_work_q.c.obj)
 .text.work_queue_main
                0x18007e10      0x12c zephyr/kernel/libkernel.a(work.c.obj)
 .text.submit_to_queue_locked
                0x18007f3c       0xa0 zephyr/kernel/libkernel.a(work.c.obj)
 .text.k_work_queue_start
                0x18007fdc       0x70 zephyr/kernel/libkernel.a(work.c.obj)
                0x18007fdc                k_work_queue_start
 .text._OffsetAbsSyms
                0x1800804c        0x2 zephyr/CMakeFiles/offsets.dir/./arch/arm/core/offsets/offsets.c.obj
                0x1800804c                _OffsetAbsSyms
 .text.arch_printk_char_out
                0x1800804e        0x4 zephyr/libzephyr.a(printk.c.obj)
                0x1800804e                arch_printk_char_out
 .text.str_out  0x18008052       0x26 zephyr/libzephyr.a(printk.c.obj)
 .text.printk   0x18008078       0x1a zephyr/libzephyr.a(printk.c.obj)
                0x18008078                printk
 .text.snprintk
                0x18008092       0x1a zephyr/libzephyr.a(printk.c.obj)
                0x18008092                snprintk
 .text.z_thread_entry
                0x180080ac       0x14 zephyr/libzephyr.a(thread_entry.c.obj)
                0x180080ac                z_thread_entry
 .text.chunk_field
                0x180080c0       0x16 zephyr/libzephyr.a(heap.c.obj)
 .text.chunk_set
                0x180080d6       0x16 zephyr/libzephyr.a(heap.c.obj)
 .text.chunk_size
                0x180080ec        0xc zephyr/libzephyr.a(heap.c.obj)
 .text.set_chunk_used
                0x180080f8       0x30 zephyr/libzephyr.a(heap.c.obj)
 .text.set_chunk_size
                0x18008128        0x8 zephyr/libzephyr.a(heap.c.obj)
 .text.bucket_idx.isra.0
                0x18008130       0x1c zephyr/libzephyr.a(heap.c.obj)
 .text.free_list_add
                0x1800814c       0x86 zephyr/libzephyr.a(heap.c.obj)
 .text.sys_heap_init
                0x180081d2       0xa6 zephyr/libzephyr.a(heap.c.obj)
                0x180081d2                sys_heap_init
 .text.encode_uint
                0x18008278       0x8c zephyr/libzephyr.a(cbprintf_complete.c.obj)
 .text.outs     0x18008304       0x2c zephyr/libzephyr.a(cbprintf_complete.c.obj)
 .text.ring_buf_get_rewind_threshold
                0x18008330        0x6 zephyr/libzephyr.a(ring_buffer.c.obj)
                0x18008330                ring_buf_get_rewind_threshold
 .text.ring_buf_put_claim
                0x18008336       0x38 zephyr/libzephyr.a(ring_buffer.c.obj)
                0x18008336                ring_buf_put_claim
 .text.ring_buf_put_finish
                0x1800836e       0x38 zephyr/libzephyr.a(ring_buffer.c.obj)
                0x1800836e                ring_buf_put_finish
 .text.ring_buf_put
                0x180083a6       0x3e zephyr/libzephyr.a(ring_buffer.c.obj)
                0x180083a6                ring_buf_put
 .text.ring_buf_get_claim
                0x180083e4       0x54 zephyr/libzephyr.a(ring_buffer.c.obj)
                0x180083e4                ring_buf_get_claim
 .text.ring_buf_get_finish
                0x18008438       0x38 zephyr/libzephyr.a(ring_buffer.c.obj)
                0x18008438                ring_buf_get_finish
 .text.ring_buf_get
                0x18008470       0x40 zephyr/libzephyr.a(ring_buffer.c.obj)
                0x18008470                ring_buf_get
 .text.foldcase
                0x180084b0       0x10 zephyr/libzephyr.a(fnmatch.c.obj)
 .text.fnmatchx
                0x180084c0      0x260 zephyr/libzephyr.a(fnmatch.c.obj)
 .text.fnmatch  0x18008720        0x6 zephyr/libzephyr.a(fnmatch.c.obj)
                0x18008720                fnmatch
 .text._ConfigAbsSyms
                0x18008726        0x2 zephyr/libzephyr.a(configs.c.obj)
                0x18008726                _ConfigAbsSyms
 .text.log_list_init
                0x18008728        0x8 zephyr/libzephyr.a(log_list.c.obj)
                0x18008728                log_list_init
 .text.log_list_add_tail
                0x18008730       0x14 zephyr/libzephyr.a(log_list.c.obj)
                0x18008730                log_list_add_tail
 .text.log_list_head_peek
                0x18008744        0x4 zephyr/libzephyr.a(log_list.c.obj)
                0x18008744                log_list_head_peek
 .text.log_list_head_get
                0x18008748        0xc zephyr/libzephyr.a(log_list.c.obj)
                0x18008748                log_list_head_get
 .text.z_log_msg_std_alloc
                0x18008754       0x12 zephyr/libzephyr.a(log_core.c.obj)
 .text.default_get_timestamp
                0x18008766        0x4 zephyr/libzephyr.a(log_core.c.obj)
 .text.dummy_timestamp
                0x1800876a        0x4 zephyr/libzephyr.a(log_core.c.obj)
 .text.z_log_get_s_mask
                0x1800876e       0x40 zephyr/libzephyr.a(log_core.c.obj)
                0x1800876e                z_log_get_s_mask
 .text.log_0    0x180087ae       0x1a zephyr/libzephyr.a(log_core.c.obj)
                0x180087ae                log_0
 .text.log_1    0x180087c8       0x28 zephyr/libzephyr.a(log_core.c.obj)
                0x180087c8                log_1
 .text.log_2    0x180087f0       0x32 zephyr/libzephyr.a(log_core.c.obj)
                0x180087f0                log_2
 .text.log_3    0x18008822       0x38 zephyr/libzephyr.a(log_core.c.obj)
                0x18008822                log_3
 .text.log_backend_disable
                0x1800885a        0xa zephyr/libzephyr.a(log_mgmt.c.obj)
                0x1800885a                log_backend_disable
 .text.log_msg_hexdump_data_op
                0x18008864       0xac zephyr/libzephyr.a(log_msg.c.obj)
 .text.log_msg_get
                0x18008910       0x12 zephyr/libzephyr.a(log_msg.c.obj)
                0x18008910                log_msg_get
 .text.log_msg_nargs_get
                0x18008922        0x6 zephyr/libzephyr.a(log_msg.c.obj)
                0x18008922                log_msg_nargs_get
 .text.log_msg_arg_get
                0x18008928       0x3e zephyr/libzephyr.a(log_msg.c.obj)
                0x18008928                log_msg_arg_get
 .text.log_msg_put
                0x18008966       0x1e zephyr/libzephyr.a(log_msg.c.obj)
                0x18008966                log_msg_put
 .text.log_msg_str_get
                0x18008984        0x4 zephyr/libzephyr.a(log_msg.c.obj)
                0x18008984                log_msg_str_get
 .text.log_msg_hexdump_data_get
                0x18008988        0xe zephyr/libzephyr.a(log_msg.c.obj)
                0x18008988                log_msg_hexdump_data_get
 .text.buffer_write
                0x18008996       0x1a zephyr/libzephyr.a(log_output.c.obj)
 .text.std_print
                0x180089b0      0x2ba zephyr/libzephyr.a(log_output.c.obj)
 .text.log_output_flush
                0x18008c6a       0x1a zephyr/libzephyr.a(log_output.c.obj)
                0x18008c6a                log_output_flush
 .text.out_func
                0x18008c84       0x2e zephyr/libzephyr.a(log_output.c.obj)
 .text.log_halt
                0x18008cb2        0x8 zephyr/libzephyr.a(log_cmds.c.obj)
 .text.log_go   0x18008cba        0xa zephyr/libzephyr.a(log_cmds.c.obj)
 .text.cmd_log_self_status
                0x18008cc4       0x20 zephyr/libzephyr.a(log_cmds.c.obj)
 .text.cmd_log_self_enable
                0x18008ce4       0x22 zephyr/libzephyr.a(log_cmds.c.obj)
 .text.log_disable
                0x18008d06       0x14 zephyr/libzephyr.a(log_cmds.c.obj)
 .text.cmd_log_self_disable
                0x18008d1a       0x22 zephyr/libzephyr.a(log_cmds.c.obj)
 .text.cmd_log_self_go
                0x18008d3c       0x18 zephyr/libzephyr.a(log_cmds.c.obj)
 .text.cmd_log_self_halt
                0x18008d54       0x18 zephyr/libzephyr.a(log_cmds.c.obj)
 .text.cmd_kernel_reboot_warm
                0x18008d6c        0x8 zephyr/libzephyr.a(kernel_service.c.obj)
 .text.cmd_kernel_reboot_cold
                0x18008d74        0x8 zephyr/libzephyr.a(kernel_service.c.obj)
 .text.enable   0x18008d7c        0xa zephyr/libzephyr.a(shell_uart.c.obj)
 .text.write    0x18008d86       0x36 zephyr/libzephyr.a(shell_uart.c.obj)
 .text.read     0x18008dbc       0x12 zephyr/libzephyr.a(shell_uart.c.obj)
 .text.uninit   0x18008dce        0xe zephyr/libzephyr.a(shell_uart.c.obj)
 .text.atomic_or
                0x18008ddc       0x16 zephyr/libzephyr.a(shell.c.obj)
 .text.atomic_and
                0x18008df2       0x16 zephyr/libzephyr.a(shell.c.obj)
 .text.shell_signal_handle
                0x18008e08       0x2c zephyr/libzephyr.a(shell.c.obj)
 .text.z_shell_strlen
                0x18008e34        0xc zephyr/libzephyr.a(shell.c.obj)
 .text.z_shell_raw_fprintf
                0x18008e40       0x1a zephyr/libzephyr.a(shell.c.obj)
 .text.k_mutex_lock.constprop.0.isra.0
                0x18008e5a        0x4 zephyr/libzephyr.a(shell.c.obj)
 .text.transport_evt_handler
                0x18008e5e       0x14 zephyr/libzephyr.a(shell.c.obj)
 .text.kill_handler
                0x18008e72       0x50 zephyr/libzephyr.a(shell.c.obj)
 .text.z_flag_history_exit_set.isra.0
                0x18008ec2       0x14 zephyr/libzephyr.a(shell.c.obj)
 .text.z_flag_insert_mode_set.isra.0
                0x18008ed6       0x1e zephyr/libzephyr.a(shell.c.obj)
 .text.k_mutex_unlock.isra.0
                0x18008ef4        0x4 zephyr/libzephyr.a(shell.c.obj)
 .text.shell_log_process
                0x18008ef8       0x46 zephyr/libzephyr.a(shell.c.obj)
 .text.shell_vfprintf
                0x18008f3e       0x7a zephyr/libzephyr.a(shell.c.obj)
                0x18008f3e                shell_vfprintf
 .text.shell_fprintf
                0x18008fb8       0x1a zephyr/libzephyr.a(shell.c.obj)
                0x18008fb8                shell_fprintf
 .text.shell_set_bypass
                0x18008fd2        0x6 zephyr/libzephyr.a(shell.c.obj)
                0x18008fd2                shell_set_bypass
 .text.z_shell_fprintf_buffer_flush
                0x18008fd8       0x18 zephyr/libzephyr.a(shell_fprintf.c.obj)
                0x18008fd8                z_shell_fprintf_buffer_flush
 .text.out_func
                0x18008ff0       0x38 zephyr/libzephyr.a(shell_fprintf.c.obj)
 .text.isspace  0x18009028       0x14 zephyr/libzephyr.a(shell_utils.c.obj)
 .text.z_shell_strlen
                0x1800903c        0xc zephyr/libzephyr.a(shell_utils.c.obj)
 .text.z_column_span_with_buffer_offsets_get
                0x18009048       0x1e zephyr/libzephyr.a(shell_utils.c.obj)
                0x18009048                z_column_span_with_buffer_offsets_get
 .text.z_row_span_with_buffer_offsets_get
                0x18009066       0x16 zephyr/libzephyr.a(shell_utils.c.obj)
                0x18009066                z_row_span_with_buffer_offsets_get
 .text.z_shell_multiline_data_calc
                0x1800907c       0x2c zephyr/libzephyr.a(shell_utils.c.obj)
                0x1800907c                z_shell_multiline_data_calc
 .text.z_shell_make_argv
                0x180090a8      0x188 zephyr/libzephyr.a(shell_utils.c.obj)
                0x180090a8                z_shell_make_argv
 .text.z_shell_pattern_remove
                0x18009230       0x4e zephyr/libzephyr.a(shell_utils.c.obj)
                0x18009230                z_shell_pattern_remove
 .text.z_shell_find_cmd
                0x1800927e       0x40 zephyr/libzephyr.a(shell_utils.c.obj)
                0x1800927e                z_shell_find_cmd
 .text.z_shell_get_last_command
                0x180092be       0x5c zephyr/libzephyr.a(shell_utils.c.obj)
                0x180092be                z_shell_get_last_command
 .text.z_shell_spaces_trim
                0x1800931a       0x6c zephyr/libzephyr.a(shell_utils.c.obj)
                0x1800931a                z_shell_spaces_trim
 .text.z_shell_cmd_trim
                0x18009386       0x64 zephyr/libzephyr.a(shell_utils.c.obj)
                0x18009386                z_shell_cmd_trim
 .text.z_shell_raw_fprintf
                0x180093ea       0x1a zephyr/libzephyr.a(shell_ops.c.obj)
 .text.full_line_cmd
                0x18009404       0x28 zephyr/libzephyr.a(shell_ops.c.obj)
 .text.z_shell_cursor_in_empty_line
                0x1800942c       0x28 zephyr/libzephyr.a(shell_ops.c.obj)
                0x1800942c                z_shell_cursor_in_empty_line
 .text.z_shell_op_cond_next_line
                0x18009454       0x20 zephyr/libzephyr.a(shell_ops.c.obj)
                0x18009454                z_shell_op_cond_next_line
 .text.z_shell_op_cursor_position_synchronize
                0x18009474       0x46 zephyr/libzephyr.a(shell_ops.c.obj)
                0x18009474                z_shell_op_cursor_position_synchronize
 .text.z_shell_op_cursor_move
                0x180094ba       0x48 zephyr/libzephyr.a(shell_ops.c.obj)
                0x180094ba                z_shell_op_cursor_move
 .text.z_shell_op_cursor_word_move
                0x18009502       0x76 zephyr/libzephyr.a(shell_ops.c.obj)
                0x18009502                z_shell_op_cursor_word_move
 .text.z_shell_op_cursor_home_move
                0x18009578        0xc zephyr/libzephyr.a(shell_ops.c.obj)
                0x18009578                z_shell_op_cursor_home_move
 .text.z_shell_op_cursor_end_move
                0x18009584        0xe zephyr/libzephyr.a(shell_ops.c.obj)
                0x18009584                z_shell_op_cursor_end_move
 .text.z_shell_op_left_arrow
                0x18009592       0x10 zephyr/libzephyr.a(shell_ops.c.obj)
                0x18009592                z_shell_op_left_arrow
 .text.z_shell_op_right_arrow
                0x180095a2       0x12 zephyr/libzephyr.a(shell_ops.c.obj)
                0x180095a2                z_shell_op_right_arrow
 .text.z_shell_op_delete_from_cursor
                0x180095b4       0x12 zephyr/libzephyr.a(shell_ops.c.obj)
                0x180095b4                z_shell_op_delete_from_cursor
 .text.z_shell_cmd_line_erase
                0x180095c6       0x34 zephyr/libzephyr.a(shell_ops.c.obj)
                0x180095c6                z_shell_cmd_line_erase
 .text.z_shell_write
                0x180095fa       0x82 zephyr/libzephyr.a(shell_ops.c.obj)
                0x180095fa                z_shell_write
 .text.z_shell_print_stream
                0x1800967c        0x4 zephyr/libzephyr.a(shell_ops.c.obj)
                0x1800967c                z_shell_print_stream
 .text.z_shell_vfprintf
                0x18009680       0x54 zephyr/libzephyr.a(shell_ops.c.obj)
                0x18009680                z_shell_vfprintf
 .text.z_shell_fprintf
                0x180096d4       0x1a zephyr/libzephyr.a(shell_ops.c.obj)
                0x180096d4                z_shell_fprintf
 .text.data_insert
                0x180096ee       0x62 zephyr/libzephyr.a(shell_ops.c.obj)
 .text.z_shell_op_completion_insert
                0x18009750        0x4 zephyr/libzephyr.a(shell_ops.c.obj)
                0x18009750                z_shell_op_completion_insert
 .text.z_shell_op_char_delete
                0x18009754       0x36 zephyr/libzephyr.a(shell_ops.c.obj)
                0x18009754                z_shell_op_char_delete
 .text.z_shell_op_char_backspace
                0x1800978a       0x22 zephyr/libzephyr.a(shell_ops.c.obj)
                0x1800978a                z_shell_op_char_backspace
 .text.msg_from_fifo.isra.0
                0x180097ac       0x1a zephyr/libzephyr.a(shell_log_backend.c.obj)
 .text.put      0x180097c6       0xda zephyr/libzephyr.a(shell_log_backend.c.obj)
 .text.dropped  0x180098a0       0x2a zephyr/libzephyr.a(shell_log_backend.c.obj)
 .text.z_shell_log_backend_output_func
                0x180098ca       0x14 zephyr/libzephyr.a(shell_log_backend.c.obj)
                0x180098ca                z_shell_log_backend_output_func
 .text.z_shell_log_backend_enable
                0x180098de       0x32 zephyr/libzephyr.a(shell_log_backend.c.obj)
                0x180098de                z_shell_log_backend_enable
 .text.z_shell_log_backend_disable
                0x18009910       0x12 zephyr/libzephyr.a(shell_log_backend.c.obj)
                0x18009910                z_shell_log_backend_disable
 .text.z_shell_log_backend_process
                0x18009922       0x78 zephyr/libzephyr.a(shell_log_backend.c.obj)
                0x18009922                z_shell_log_backend_process
 .text.panic    0x1800999a       0x68 zephyr/libzephyr.a(shell_log_backend.c.obj)
 .text.z_shell_raw_fprintf
                0x18009a02       0x1a zephyr/libzephyr.a(shell_help.c.obj)
 .text.formatted_text_print.constprop.0
                0x18009a1c       0xe6 zephyr/libzephyr.a(shell_help.c.obj)
 .text.cmd_shell_stats_reset
                0x18009b02        0x8 zephyr/libzephyr.a(shell_cmds.c.obj)
 .text.z_shell_raw_fprintf
                0x18009b0a       0x1a zephyr/libzephyr.a(shell_cmds.c.obj)
 .text.cmd_bacskpace_mode_backspace
                0x18009b24       0x1a zephyr/libzephyr.a(shell_cmds.c.obj)
 .text.cmd_bacskpace_mode_delete
                0x18009b3e       0x1a zephyr/libzephyr.a(shell_cmds.c.obj)
 .text.cmd_echo_off
                0x18009b58       0x1a zephyr/libzephyr.a(shell_cmds.c.obj)
 .text.cmd_colors_off
                0x18009b72       0x1a zephyr/libzephyr.a(shell_cmds.c.obj)
 .text.cmd_colors_on
                0x18009b8c       0x1a zephyr/libzephyr.a(shell_cmds.c.obj)
 .text.cmd_echo_on
                0x18009ba6       0x1a zephyr/libzephyr.a(shell_cmds.c.obj)
 .text.remove_from_tail.part.0
                0x18009bc0       0x24 zephyr/libzephyr.a(shell_history.c.obj)
 .text.z_shell_history_mode_exit
                0x18009be4        0x6 zephyr/libzephyr.a(shell_history.c.obj)
                0x18009be4                z_shell_history_mode_exit
 .text.z_shell_history_get
                0x18009bea       0x56 zephyr/libzephyr.a(shell_history.c.obj)
                0x18009bea                z_shell_history_get
 .text.z_shell_history_purge
                0x18009c40       0x18 zephyr/libzephyr.a(shell_history.c.obj)
                0x18009c40                z_shell_history_purge
 .text.z_shell_history_put
                0x18009c58       0xd8 zephyr/libzephyr.a(shell_history.c.obj)
                0x18009c58                z_shell_history_put
 .text.z_shell_history_init
                0x18009d30        0xc zephyr/libzephyr.a(shell_history.c.obj)
                0x18009d30                z_shell_history_init
 .text.z_shell_has_wildcard
                0x18009d3c       0x28 zephyr/libzephyr.a(shell_wildcard.c.obj)
                0x18009d3c                z_shell_has_wildcard
 .text.z_shell_wildcard_prepare
                0x18009d64       0x4a zephyr/libzephyr.a(shell_wildcard.c.obj)
                0x18009d64                z_shell_wildcard_prepare
 .text.z_shell_wildcard_finalize
                0x18009dae       0x1e zephyr/libzephyr.a(shell_wildcard.c.obj)
                0x18009dae                z_shell_wildcard_finalize
 .text.z_do_kernel_oops
                0x18009dcc        0x8 zephyr/arch/arch/arm/core/aarch32/libarch__arm__core__aarch32.a(fatal.c.obj)
                0x18009dcc                z_do_kernel_oops
 .text.z_irq_spurious
                0x18009dd4        0x8 zephyr/arch/arch/arm/core/aarch32/libarch__arm__core__aarch32.a(irq_manage.c.obj)
                0x18009dd4                z_irq_spurious
 .text.z_arm_nmi
                0x18009ddc        0xe zephyr/arch/arch/arm/core/aarch32/libarch__arm__core__aarch32.a(nmi.c.obj)
                0x18009ddc                z_arm_nmi
 .text.configure_builtin_stack_guard
                0x18009dea        0xa zephyr/arch/arch/arm/core/aarch32/libarch__arm__core__aarch32.a(thread.c.obj)
                0x18009dea                configure_builtin_stack_guard
 .text.arm_cmse_mpu_region_get
                0x18009df4       0x12 zephyr/arch/arch/arm/core/aarch32/cortex_m/cmse/libarch__arm__core__aarch32__cortex_m__cmse.a(arm_core_cmse.c.obj)
                0x18009df4                arm_cmse_mpu_region_get
 .text.mpu_configure_region
                0x18009e06       0x32 zephyr/arch/arch/arm/core/aarch32/mpu/libarch__arm__core__aarch32__mpu.a(arm_mpu.c.obj)
 .text.strtol   0x18009e38       0xe8 zephyr/lib/libc/minimal/liblib__libc__minimal.a(strtol.c.obj)
                0x18009e38                strtol
 .text.strtoul  0x18009f20       0xf2 zephyr/lib/libc/minimal/liblib__libc__minimal.a(strtoul.c.obj)
                0x18009f20                strtoul
 .text.strstr   0x1800a012       0x40 zephyr/lib/libc/minimal/liblib__libc__minimal.a(strstr.c.obj)
                0x1800a012                strstr
 .text.strcpy   0x1800a052       0x14 zephyr/lib/libc/minimal/liblib__libc__minimal.a(string.c.obj)
                0x1800a052                strcpy
 .text.strncpy  0x1800a066       0x24 zephyr/lib/libc/minimal/liblib__libc__minimal.a(string.c.obj)
                0x1800a066                strncpy
 .text.strchr   0x1800a08a       0x1c zephyr/lib/libc/minimal/liblib__libc__minimal.a(string.c.obj)
                0x1800a08a                strchr
 .text.strlen   0x1800a0a6        0xe zephyr/lib/libc/minimal/liblib__libc__minimal.a(string.c.obj)
                0x1800a0a6                strlen
 .text.strnlen  0x1800a0b4       0x12 zephyr/lib/libc/minimal/liblib__libc__minimal.a(string.c.obj)
                0x1800a0b4                strnlen
 .text.strcmp   0x1800a0c6       0x18 zephyr/lib/libc/minimal/liblib__libc__minimal.a(string.c.obj)
                0x1800a0c6                strcmp
 .text.strncmp  0x1800a0de       0x22 zephyr/lib/libc/minimal/liblib__libc__minimal.a(string.c.obj)
                0x1800a0de                strncmp
 .text.memcmp   0x1800a100       0x22 zephyr/lib/libc/minimal/liblib__libc__minimal.a(string.c.obj)
                0x1800a100                memcmp
 .text.memmove  0x1800a122       0x30 zephyr/lib/libc/minimal/liblib__libc__minimal.a(string.c.obj)
                0x1800a122                memmove
 .text.memcpy   0x1800a152       0x16 zephyr/lib/libc/minimal/liblib__libc__minimal.a(string.c.obj)
                0x1800a152                memcpy
 .text.memset   0x1800a168       0x12 zephyr/lib/libc/minimal/liblib__libc__minimal.a(string.c.obj)
                0x1800a168                memset
 .text._stdout_hook_default
                0x1800a17a        0x6 zephyr/lib/libc/minimal/liblib__libc__minimal.a(stdout_console.c.obj)
 .text.mcux_lpc_syscon_clock_control_on
                0x1800a180        0x4 zephyr/drivers/clock_control/libdrivers__clock_control.a(clock_control_mcux_syscon.c.obj)
 .text.mcux_lpc_syscon_clock_control_init
                0x1800a184        0x4 zephyr/drivers/clock_control/libdrivers__clock_control.a(clock_control_mcux_syscon.c.obj)
 .text.mcux_lpc_syscon_clock_control_get_subsys_rate
                0x1800a188       0x50 zephyr/drivers/clock_control/libdrivers__clock_control.a(clock_control_mcux_syscon.c.obj)
 .text.mcux_lpc_syscon_clock_control_off
                0x1800a1d8        0x4 zephyr/drivers/clock_control/libdrivers__clock_control.a(clock_control_mcux_syscon.c.obj)
 .text.gpio_mcux_lpc_configure
                0x1800a1dc       0x98 zephyr/drivers/gpio/libdrivers__gpio.a(gpio_mcux_lpc.c.obj)
 .text.gpio_mcux_lpc_port_get_raw
                0x1800a274       0x14 zephyr/drivers/gpio/libdrivers__gpio.a(gpio_mcux_lpc.c.obj)
 .text.gpio_mcux_lpc_port_set_masked_raw
                0x1800a288       0x22 zephyr/drivers/gpio/libdrivers__gpio.a(gpio_mcux_lpc.c.obj)
 .text.gpio_mcux_lpc_port_set_bits_raw
                0x1800a2aa       0x12 zephyr/drivers/gpio/libdrivers__gpio.a(gpio_mcux_lpc.c.obj)
 .text.gpio_mcux_lpc_port_clear_bits_raw
                0x1800a2bc       0x12 zephyr/drivers/gpio/libdrivers__gpio.a(gpio_mcux_lpc.c.obj)
 .text.gpio_mcux_lpc_port_toggle_bits
                0x1800a2ce       0x12 zephyr/drivers/gpio/libdrivers__gpio.a(gpio_mcux_lpc.c.obj)
 .text.gpio_mcux_lpc_manage_cb
                0x1800a2e0       0x54 zephyr/drivers/gpio/libdrivers__gpio.a(gpio_mcux_lpc.c.obj)
 .text.gpio_mcux_lpc_init.isra.0
                0x1800a334       0x26 zephyr/drivers/gpio/libdrivers__gpio.a(gpio_mcux_lpc.c.obj)
 .text.lpc_gpio_init_2
                0x1800a35a        0xa zephyr/drivers/gpio/libdrivers__gpio.a(gpio_mcux_lpc.c.obj)
 .text.lpc_gpio_init_1
                0x1800a364       0x8c zephyr/drivers/gpio/libdrivers__gpio.a(gpio_mcux_lpc.c.obj)
 .text.lpc_gpio_init_0
                0x1800a3f0       0x8c zephyr/drivers/gpio/libdrivers__gpio.a(gpio_mcux_lpc.c.obj)
 .text.gpio_mcux_lpc_port_isr
                0x1800a47c       0x60 zephyr/drivers/gpio/libdrivers__gpio.a(gpio_mcux_lpc.c.obj)
 .text.mcux_flexcomm_poll_in
                0x1800a4dc       0x1a zephyr/drivers/serial/libdrivers__serial.a(uart_mcux_flexcomm.c.obj)
 .text.mcux_flexcomm_poll_out
                0x1800a4f6       0x12 zephyr/drivers/serial/libdrivers__serial.a(uart_mcux_flexcomm.c.obj)
 .text.mcux_flexcomm_err_check
                0x1800a508       0x36 zephyr/drivers/serial/libdrivers__serial.a(uart_mcux_flexcomm.c.obj)
 .text.mcux_flexcomm_fifo_fill
                0x1800a53e       0x24 zephyr/drivers/serial/libdrivers__serial.a(uart_mcux_flexcomm.c.obj)
 .text.mcux_flexcomm_fifo_read
                0x1800a562       0x24 zephyr/drivers/serial/libdrivers__serial.a(uart_mcux_flexcomm.c.obj)
 .text.mcux_flexcomm_irq_tx_enable
                0x1800a586        0xc zephyr/drivers/serial/libdrivers__serial.a(uart_mcux_flexcomm.c.obj)
 .text.mcux_flexcomm_irq_tx_disable
                0x1800a592        0xc zephyr/drivers/serial/libdrivers__serial.a(uart_mcux_flexcomm.c.obj)
 .text.mcux_flexcomm_irq_tx_complete
                0x1800a59e        0xc zephyr/drivers/serial/libdrivers__serial.a(uart_mcux_flexcomm.c.obj)
 .text.mcux_flexcomm_irq_tx_ready
                0x1800a5aa       0x18 zephyr/drivers/serial/libdrivers__serial.a(uart_mcux_flexcomm.c.obj)
 .text.mcux_flexcomm_irq_rx_enable
                0x1800a5c2        0xc zephyr/drivers/serial/libdrivers__serial.a(uart_mcux_flexcomm.c.obj)
 .text.mcux_flexcomm_irq_rx_disable
                0x1800a5ce        0xc zephyr/drivers/serial/libdrivers__serial.a(uart_mcux_flexcomm.c.obj)
 .text.mcux_flexcomm_irq_rx_full
                0x1800a5da        0xe zephyr/drivers/serial/libdrivers__serial.a(uart_mcux_flexcomm.c.obj)
 .text.mcux_flexcomm_irq_err_enable
                0x1800a5e8        0xc zephyr/drivers/serial/libdrivers__serial.a(uart_mcux_flexcomm.c.obj)
 .text.mcux_flexcomm_irq_err_disable
                0x1800a5f4        0xc zephyr/drivers/serial/libdrivers__serial.a(uart_mcux_flexcomm.c.obj)
 .text.mcux_flexcomm_irq_update
                0x1800a600        0x4 zephyr/drivers/serial/libdrivers__serial.a(uart_mcux_flexcomm.c.obj)
 .text.mcux_flexcomm_irq_callback_set
                0x1800a604        0x8 zephyr/drivers/serial/libdrivers__serial.a(uart_mcux_flexcomm.c.obj)
 .text.mcux_flexcomm_isr
                0x1800a60c        0xc zephyr/drivers/serial/libdrivers__serial.a(uart_mcux_flexcomm.c.obj)
 .text.mcux_flexcomm_config_func_0
                0x1800a618       0x16 zephyr/drivers/serial/libdrivers__serial.a(uart_mcux_flexcomm.c.obj)
 .text.mcux_flexcomm_init
                0x1800a62e       0x6c zephyr/drivers/serial/libdrivers__serial.a(uart_mcux_flexcomm.c.obj)
 .text.mcux_flexcomm_irq_is_pending
                0x1800a69a       0x28 zephyr/drivers/serial/libdrivers__serial.a(uart_mcux_flexcomm.c.obj)
 .text.CLOCK_AttachClk
                0x1800a6c2       0x3c modules/hal_nxp/hal_nxp/lib..__modules__hal__nxp.a(fsl_clock.c.obj)
                0x1800a6c2                CLOCK_AttachClk
 .text.CLOCK_SetClkDiv
                0x1800a6fe       0x34 modules/hal_nxp/hal_nxp/lib..__modules__hal__nxp.a(fsl_clock.c.obj)
                0x1800a6fe                CLOCK_SetClkDiv
 .text.RESET_PeripheralReset
                0x1800a732       0x12 modules/hal_nxp/hal_nxp/lib..__modules__hal__nxp.a(fsl_reset.c.obj)
                0x1800a732                RESET_PeripheralReset
 .text.PINT_PinInterruptClrStatus
                0x1800a744       0x16 modules/hal_nxp/hal_nxp/lib..__modules__hal__nxp.a(fsl_pint.c.obj)
                0x1800a744                PINT_PinInterruptClrStatus
 .text.INPUTMUX_AttachSignal
                0x1800a75a        0xe modules/hal_nxp/hal_nxp/lib..__modules__hal__nxp.a(fsl_inputmux.c.obj)
                0x1800a75a                INPUTMUX_AttachSignal
 .text.OSTIMER_GetCurrentTimerValue
                0x1800a768       0x1e modules/hal_nxp/hal_nxp/lib..__modules__hal__nxp.a(fsl_ostimer.c.obj)
                0x1800a768                OSTIMER_GetCurrentTimerValue
 .text.OSTIMER_SetMatchValue
                0x1800a786       0x10 modules/hal_nxp/hal_nxp/lib..__modules__hal__nxp.a(fsl_ostimer.c.obj)
                0x1800a786                OSTIMER_SetMatchValue
 .text.USART_GetDefaultConfig
                0x1800a796       0x22 modules/hal_nxp/hal_nxp/lib..__modules__hal__nxp.a(fsl_usart.c.obj)
                0x1800a796                USART_GetDefaultConfig
 .text.USART_SetBaudRate
                0x1800a7b8       0xb2 modules/hal_nxp/hal_nxp/lib..__modules__hal__nxp.a(fsl_usart.c.obj)
                0x1800a7b8                USART_SetBaudRate
 .text.USART_Init
                0x1800a86a      0x132 modules/hal_nxp/hal_nxp/lib..__modules__hal__nxp.a(fsl_usart.c.obj)
                0x1800a86a                USART_Init
 .text.z_device_state_init
                0x1800a99c        0x2 zephyr/kernel/libkernel.a(device.c.obj)
                0x1800a99c                z_device_state_init
 .text.z_device_ready
                0x1800a99e       0x14 zephyr/kernel/libkernel.a(device.c.obj)
                0x1800a99e                z_device_ready
 .text.arch_system_halt
                0x1800a9b2       0x12 zephyr/kernel/libkernel.a(fatal.c.obj)
                0x1800a9b2                arch_system_halt
 .text.k_mem_slab_init
                0x1800a9c4       0x36 zephyr/kernel/libkernel.a(mem_slab.c.obj)
                0x1800a9c4                k_mem_slab_init
 .text.k_mem_slab_free
                0x1800a9fa       0x54 zephyr/kernel/libkernel.a(mem_slab.c.obj)
                0x1800a9fa                k_mem_slab_free
 .text.k_is_in_isr
                0x1800aa4e        0xc zephyr/kernel/libkernel.a(thread.c.obj)
                0x1800aa4e                k_is_in_isr
 .text.k_thread_name_get
                0x1800aa5a        0x4 zephyr/kernel/libkernel.a(thread.c.obj)
                0x1800aa5a                k_thread_name_get
 .text.z_impl_k_thread_start
                0x1800aa5e        0x4 zephyr/kernel/libkernel.a(thread.c.obj)
                0x1800aa5e                z_impl_k_thread_start
 .text.z_impl_k_thread_stack_space_get
                0x1800aa62       0x1c zephyr/kernel/libkernel.a(thread.c.obj)
                0x1800aa62                z_impl_k_thread_stack_space_get
 .text.idle     0x1800aa7e       0x18 zephyr/kernel/libkernel.a(idle.c.obj)
                0x1800aa7e                idle
 .text.z_impl_k_msgq_peek
                0x1800aa96       0x34 zephyr/kernel/libkernel.a(msg_q.c.obj)
                0x1800aa96                z_impl_k_msgq_peek
 .text.adjust_owner_prio.isra.0
                0x1800aaca       0x10 zephyr/kernel/libkernel.a(mutex.c.obj)
 .text.z_impl_k_mutex_init
                0x1800aada        0xe zephyr/kernel/libkernel.a(mutex.c.obj)
                0x1800aada                z_impl_k_mutex_init
 .text.sys_dlist_remove
                0x1800aae8       0x10 zephyr/kernel/libkernel.a(sched.c.obj)
 .text.unpend_thread_no_timeout
                0x1800aaf8       0x14 zephyr/kernel/libkernel.a(sched.c.obj)
 .text.z_sched_prio_cmp
                0x1800ab0c       0x12 zephyr/kernel/libkernel.a(sched.c.obj)
                0x1800ab0c                z_sched_prio_cmp
 .text.z_unpend_thread_no_timeout
                0x1800ab1e       0x20 zephyr/kernel/libkernel.a(sched.c.obj)
                0x1800ab1e                z_unpend_thread_no_timeout
 .text.z_unpend_thread
                0x1800ab3e       0x28 zephyr/kernel/libkernel.a(sched.c.obj)
                0x1800ab3e                z_unpend_thread
 .text.z_reschedule_irqlock
                0x1800ab66       0x18 zephyr/kernel/libkernel.a(sched.c.obj)
                0x1800ab66                z_reschedule_irqlock
 .text.z_reschedule_unlocked
                0x1800ab7e       0x14 zephyr/kernel/libkernel.a(sched.c.obj)
 .text.z_priq_dumb_best
                0x1800ab92        0xc zephyr/kernel/libkernel.a(sched.c.obj)
                0x1800ab92                z_priq_dumb_best
 .text.z_ready_thread
                0x1800ab9e       0x20 zephyr/kernel/libkernel.a(sched.c.obj)
                0x1800ab9e                z_ready_thread
 .text.z_thread_timeout
                0x1800abbe       0x44 zephyr/kernel/libkernel.a(sched.c.obj)
                0x1800abbe                z_thread_timeout
 .text.add_to_waitq_locked
                0x1800ac02       0x54 zephyr/kernel/libkernel.a(sched.c.obj)
 .text.z_unpend1_no_timeout
                0x1800ac56       0x2a zephyr/kernel/libkernel.a(sched.c.obj)
                0x1800ac56                z_unpend1_no_timeout
 .text.z_unpend_first_thread
                0x1800ac80       0x30 zephyr/kernel/libkernel.a(sched.c.obj)
                0x1800ac80                z_unpend_first_thread
 .text.z_sched_wake
                0x1800acb0       0x3c zephyr/kernel/libkernel.a(sched.c.obj)
                0x1800acb0                z_sched_wake
 .text.z_abort_timeout
                0x1800acec       0x2c zephyr/kernel/libkernel.a(timeout.c.obj)
                0x1800acec                z_abort_timeout
 .text.z_set_timeout_expiry
                0x1800ad18       0x34 zephyr/kernel/libkernel.a(timeout.c.obj)
                0x1800ad18                z_set_timeout_expiry
 .text.sys_clock_tick_get_32
                0x1800ad4c        0x8 zephyr/kernel/libkernel.a(timeout.c.obj)
                0x1800ad4c                sys_clock_tick_get_32
 .text.z_impl_k_uptime_ticks
                0x1800ad54        0x4 zephyr/kernel/libkernel.a(timeout.c.obj)
                0x1800ad54                z_impl_k_uptime_ticks
 .text.k_timer_init
                0x1800ad58       0x18 zephyr/kernel/libkernel.a(timer.c.obj)
                0x1800ad58                k_timer_init
 .text.z_impl_k_timer_stop
                0x1800ad70       0x3a zephyr/kernel/libkernel.a(timer.c.obj)
                0x1800ad70                z_impl_k_timer_stop
 .text.add_event
                0x1800adaa       0x64 zephyr/kernel/libkernel.a(poll.c.obj)
 .text.register_events
                0x1800ae0e       0xee zephyr/kernel/libkernel.a(poll.c.obj)
 .text.signal_poll_event
                0x1800aefc       0xb4 zephyr/kernel/libkernel.a(poll.c.obj)
 .text.clear_event_registrations
                0x1800afb0       0x5e zephyr/kernel/libkernel.a(poll.c.obj)
 .text.k_poll_event_init
                0x1800b00e       0x1e zephyr/kernel/libkernel.a(poll.c.obj)
                0x1800b00e                k_poll_event_init
 .text.z_handle_obj_poll_events
                0x1800b02c       0x1c zephyr/kernel/libkernel.a(poll.c.obj)
                0x1800b02c                z_handle_obj_poll_events
 .text.z_impl_k_poll_signal_init
                0x1800b048        0xa zephyr/kernel/libkernel.a(poll.c.obj)
                0x1800b048                z_impl_k_poll_signal_init
 .text.z_impl_k_poll_signal_reset
                0x1800b052        0x6 zephyr/kernel/libkernel.a(poll.c.obj)
                0x1800b052                z_impl_k_poll_signal_reset
 .text.z_impl_k_poll_signal_check
                0x1800b058        0xa zephyr/kernel/libkernel.a(poll.c.obj)
                0x1800b058                z_impl_k_poll_signal_check
 .text.k_heap_init
                0x1800b062       0x10 zephyr/kernel/libkernel.a(kheap.c.obj)
                0x1800b062                k_heap_init
 .text.flag_test_and_clear
                0x1800b072       0x16 zephyr/kernel/libkernel.a(work.c.obj)
 .text.notify_queue_locked.isra.0
                0x1800b088        0xe zephyr/kernel/libkernel.a(work.c.obj)
 .text.k_work_submit_to_queue
                0x1800b096       0x3a zephyr/kernel/libkernel.a(work.c.obj)
                0x1800b096                k_work_submit_to_queue
 *(SORT_BY_ALIGNMENT(.TEXT.*))
 *(SORT_BY_ALIGNMENT(.gnu.linkonce.t.*))
 *(SORT_BY_ALIGNMENT(.glue_7t))
 .glue_7t       0x1800b0d0        0x0 linker stubs
 *(SORT_BY_ALIGNMENT(.glue_7))
 .glue_7        0x1800b0d0        0x0 linker stubs
 *(SORT_BY_ALIGNMENT(.vfp11_veneer))
 .vfp11_veneer  0x1800b0d0        0x0 linker stubs
 *(SORT_BY_ALIGNMENT(.v4_bx))
 .v4_bx         0x1800b0d0        0x0 linker stubs
                0x1800b0d0                __text_region_end = .

.ARM.exidx      0x1800b0d0        0x8
                0x1800b0d0                __exidx_start = .
 *(SORT_BY_ALIGNMENT(.ARM.exidx*) SORT_BY_ALIGNMENT(gnu.linkonce.armexidx.*))
 .ARM.exidx     0x1800b0d0        0x8 c:/arm/bin/../lib/gcc/arm-none-eabi/10.3.1/thumb/v8-m.main/nofp\libgcc.a(_udivmoddi4.o)
                0x1800b0d8                __exidx_end = .
                0x1800b0d8                __rodata_region_start = .

initlevel       0x1800b0d8       0x78
                0x1800b0d8                __init_start = .
                0x1800b0d8                __init_PRE_KERNEL_1_start = .
 *(SORT_BY_NAME(SORT_BY_ALIGNMENT(.z_init_PRE_KERNEL_1[0-9]_*)))
 .z_init_PRE_KERNEL_10_
                0x1800b0d8        0x8 zephyr/libzephyr.a(soc.c.obj)
 *(SORT_BY_NAME(SORT_BY_ALIGNMENT(.z_init_PRE_KERNEL_1[1-9][0-9]_*)))
 .z_init_PRE_KERNEL_130_
                0x1800b0e0       0x10 zephyr/drivers/clock_control/libdrivers__clock_control.a(clock_control_mcux_syscon.c.obj)
 .z_init_PRE_KERNEL_130_
                0x1800b0f0        0x8 zephyr/kernel/libkernel.a(mem_slab.c.obj)
 .z_init_PRE_KERNEL_130_
                0x1800b0f8        0x8 zephyr/kernel/libkernel.a(kheap.c.obj)
 .z_init_PRE_KERNEL_145_
                0x1800b100        0x8 zephyr/boards/boards/arm/rt_super/lib..__rt_super_z__hello_world__boards__arm__rt_super.a(pinmux.c.obj)
 .z_init_PRE_KERNEL_155_
                0x1800b108        0x8 zephyr/drivers/serial/libdrivers__serial.a(uart_mcux_flexcomm.c.obj)
 .z_init_PRE_KERNEL_160_
                0x1800b110        0x8 zephyr/drivers/console/libdrivers__console.a(uart_console.c.obj)
                0x1800b118                __init_PRE_KERNEL_2_start = .
 *(SORT_BY_NAME(SORT_BY_ALIGNMENT(.z_init_PRE_KERNEL_2[0-9]_*)))
 .z_init_PRE_KERNEL_20_
                0x1800b118        0x8 zephyr/drivers/timer/libdrivers__timer.a(mcux_os_timer.c.obj)
 *(SORT_BY_NAME(SORT_BY_ALIGNMENT(.z_init_PRE_KERNEL_2[1-9][0-9]_*)))
                0x1800b120                __init_POST_KERNEL_start = .
 *(SORT_BY_NAME(SORT_BY_ALIGNMENT(.z_init_POST_KERNEL[0-9]_*)))
 .z_init_POST_KERNEL0_
                0x1800b120        0x8 zephyr/libzephyr.a(log_core.c.obj)
 *(SORT_BY_NAME(SORT_BY_ALIGNMENT(.z_init_POST_KERNEL[1-9][0-9]_*)))
 .z_init_POST_KERNEL40_
                0x1800b128       0x18 zephyr/drivers/gpio/libdrivers__gpio.a(gpio_mcux_lpc.c.obj)
 .z_init_POST_KERNEL40_
                0x1800b140        0x8 zephyr/kernel/libkernel.a(system_work_q.c.obj)
 .z_init_POST_KERNEL99_
                0x1800b148        0x8 zephyr/libzephyr.a(shell_uart.c.obj)
                0x1800b150                __init_APPLICATION_start = .
 *(SORT_BY_NAME(SORT_BY_ALIGNMENT(.z_init_APPLICATION[0-9]_*)))
 *(SORT_BY_NAME(SORT_BY_ALIGNMENT(.z_init_APPLICATION[1-9][0-9]_*)))
                0x1800b150                __init_SMP_start = .
 *(SORT_BY_NAME(SORT_BY_ALIGNMENT(.z_init_SMP[0-9]_*)))
 *(SORT_BY_NAME(SORT_BY_ALIGNMENT(.z_init_SMP[1-9][0-9]_*)))
                0x1800b150                __init_end = .

devices         0x1800b150       0x90
                0x1800b150                __device_start = .
                0x1800b150                __device_PRE_KERNEL_1_start = .
 *(SORT_BY_NAME(SORT_BY_ALIGNMENT(.z_device_PRE_KERNEL_1[0-9]_*)))
 *(SORT_BY_NAME(SORT_BY_ALIGNMENT(.z_device_PRE_KERNEL_1[1-9][0-9]_*)))
 .z_device_PRE_KERNEL_130_
                0x1800b150       0x30 zephyr/drivers/clock_control/libdrivers__clock_control.a(clock_control_mcux_syscon.c.obj)
                0x1800b150                __device_dts_ord_28
                0x1800b168                __device_dts_ord_27
 .z_device_PRE_KERNEL_155_
                0x1800b180       0x18 zephyr/drivers/serial/libdrivers__serial.a(uart_mcux_flexcomm.c.obj)
                0x1800b180                __device_dts_ord_35
                0x1800b198                __device_PRE_KERNEL_2_start = .
 *(SORT_BY_NAME(SORT_BY_ALIGNMENT(.z_device_PRE_KERNEL_2[0-9]_*)))
 *(SORT_BY_NAME(SORT_BY_ALIGNMENT(.z_device_PRE_KERNEL_2[1-9][0-9]_*)))
                0x1800b198                __device_POST_KERNEL_start = .
 *(SORT_BY_NAME(SORT_BY_ALIGNMENT(.z_device_POST_KERNEL[0-9]_*)))
 *(SORT_BY_NAME(SORT_BY_ALIGNMENT(.z_device_POST_KERNEL[1-9][0-9]_*)))
 .z_device_POST_KERNEL40_
                0x1800b198       0x48 zephyr/drivers/gpio/libdrivers__gpio.a(gpio_mcux_lpc.c.obj)
                0x1800b198                __device_dts_ord_50
                0x1800b1b0                __device_dts_ord_13
                0x1800b1c8                __device_dts_ord_15
                0x1800b1e0                __device_APPLICATION_start = .
 *(SORT_BY_NAME(SORT_BY_ALIGNMENT(.z_device_APPLICATION[0-9]_*)))
 *(SORT_BY_NAME(SORT_BY_ALIGNMENT(.z_device_APPLICATION[1-9][0-9]_*)))
                0x1800b1e0                __device_SMP_start = .
 *(SORT_BY_NAME(SORT_BY_ALIGNMENT(.z_device_SMP[0-9]_*)))
 *(SORT_BY_NAME(SORT_BY_ALIGNMENT(.z_device_SMP[1-9][0-9]_*)))
                0x1800b1e0                __device_end = .

sw_isr_table    0x1800b1e0      0x1e0
                0x1800b1e0                . = ALIGN (0x0)
 *(SORT_BY_ALIGNMENT(.gnu.linkonce.sw_isr_table*))
 .gnu.linkonce.sw_isr_table
                0x1800b1e0      0x1e0 zephyr/CMakeFiles/zephyr_final.dir/isr_tables.c.obj
                0x1800b1e0                _sw_isr_table

initlevel_error
                0x1800b0d8        0x0
 *(SORT_BY_NAME(SORT_BY_ALIGNMENT(.z_init_[_A-Z0-9]*)))
                0x00000001                ASSERT ((SIZEOF (initlevel_error) == 0x0), Undefined initialization levels used.)

app_shmem_regions
                0x1800b3c0        0x0
                0x1800b3c0                __app_shmem_regions_start = .
 *(SORT_BY_NAME(SORT_BY_ALIGNMENT(.app_regions.*)))
                0x1800b3c0                __app_shmem_regions_end = .

bt_l2cap_fixed_chan_area
                0x1800b3c0        0x0
                0x1800b3c0                _bt_l2cap_fixed_chan_list_start = .
 *(SORT_BY_NAME(SORT_BY_ALIGNMENT(._bt_l2cap_fixed_chan.static.*)))
                0x1800b3c0                _bt_l2cap_fixed_chan_list_end = .

bt_gatt_service_static_area
                0x1800b3c0        0x0
                0x1800b3c0                _bt_gatt_service_static_list_start = .
 *(SORT_BY_NAME(SORT_BY_ALIGNMENT(._bt_gatt_service_static.static.*)))
                0x1800b3c0                _bt_gatt_service_static_list_end = .

k_p4wq_initparam_area
                0x1800b3c0        0x0
                0x1800b3c0                _k_p4wq_initparam_list_start = .
 *(SORT_BY_NAME(SORT_BY_ALIGNMENT(._k_p4wq_initparam.static.*)))
                0x1800b3c0                _k_p4wq_initparam_list_end = .

log_strings_sections
                0x1800b3c0        0x0
                0x1800b3c0                __log_strings_start = .
 *(SORT_BY_NAME(SORT_BY_ALIGNMENT(.log_strings*)))
                0x1800b3c0                __log_strings_end = .

log_const_sections
                0x1800b3c0       0x38
                0x1800b3c0                __log_const_start = .
 *(SORT_BY_NAME(SORT_BY_ALIGNMENT(.log_const_*)))
 .log_const_clock_control
                0x1800b3c0        0x8 zephyr/drivers/clock_control/libdrivers__clock_control.a(clock_control_mcux_syscon.c.obj)
                0x1800b3c0                log_const_clock_control
 .log_const_log
                0x1800b3c8        0x8 zephyr/libzephyr.a(log_core.c.obj)
                0x1800b3c8                log_const_log
 .log_const_main
                0x1800b3d0        0x8 app/libapp.a(main.c.obj)
                0x1800b3d0                log_const_main
 .log_const_mpu
                0x1800b3d8        0x8 zephyr/arch/arch/arm/core/aarch32/mpu/libarch__arm__core__aarch32__mpu.a(arm_core_mpu.c.obj)
                0x1800b3d8                log_const_mpu
 .log_const_os  0x1800b3e0        0x8 zephyr/kernel/libkernel.a(init.c.obj)
                0x1800b3e0                log_const_os
 .log_const_shell_shell_uart
                0x1800b3e8        0x8 zephyr/libzephyr.a(shell_uart.c.obj)
                0x1800b3e8                log_const_shell_shell_uart
 .log_const_shell_uart
                0x1800b3f0        0x8 zephyr/libzephyr.a(shell_uart.c.obj)
                0x1800b3f0                log_const_shell_uart
                0x1800b3f8                __log_const_end = .

log_backends_sections
                0x1800b3f8       0x10
                0x1800b3f8                __log_backends_start = .
 *(SORT_BY_ALIGNMENT(._log_backend.*))
 ._log_backend.static.shell_uart_backend
                0x1800b3f8       0x10 zephyr/libzephyr.a(shell_uart.c.obj)
                0x1800b408                __log_backends_end = .

shell_area      0x1800b408       0x30
                0x1800b408                _shell_list_start = .
 *(SORT_BY_NAME(SORT_BY_ALIGNMENT(._shell.static.*)))
 ._shell.static.shell_uart
                0x1800b408       0x30 zephyr/libzephyr.a(shell_uart.c.obj)
                0x1800b438                _shell_list_end = .

shell_root_cmds_sections
                0x1800b438       0x48
                0x1800b438                __shell_root_cmds_start = .
 *(SORT_BY_NAME(SORT_BY_ALIGNMENT(.shell_root_cmd_*)))
 .shell_root_cmd_clear
                0x1800b438        0x8 zephyr/libzephyr.a(shell_cmds.c.obj)
 .shell_root_cmd_devmem
                0x1800b440        0x8 zephyr/libzephyr.a(devmem_service.c.obj)
 .shell_root_cmd_help
                0x1800b448        0x8 zephyr/libzephyr.a(shell.c.obj)
 .shell_root_cmd_history
                0x1800b450        0x8 zephyr/libzephyr.a(shell_cmds.c.obj)
 .shell_root_cmd_kernel
                0x1800b458        0x8 zephyr/libzephyr.a(kernel_service.c.obj)
 .shell_root_cmd_log
                0x1800b460        0x8 zephyr/libzephyr.a(log_cmds.c.obj)
 .shell_root_cmd_monkey
                0x1800b468        0x8 app/libapp.a(main.c.obj)
 .shell_root_cmd_resize
                0x1800b470        0x8 zephyr/libzephyr.a(shell_cmds.c.obj)
 .shell_root_cmd_shell
                0x1800b478        0x8 zephyr/libzephyr.a(shell_cmds.c.obj)
                0x1800b480                __shell_root_cmds_end = .

font_entry_sections
                0x1800b480        0x0
                0x1800b480                __font_entry_start = .
 *(SORT_BY_NAME(SORT_BY_ALIGNMENT(._cfb_font.*)))
                0x1800b480                __font_entry_end = .

tracing_backend_area
                0x1800b480        0x0
                0x1800b480                _tracing_backend_list_start = .
 *(SORT_BY_NAME(SORT_BY_ALIGNMENT(._tracing_backend.static.*)))
                0x1800b480                _tracing_backend_list_end = .

zephyr_dbg_info
 *(SORT_BY_ALIGNMENT(.dbg_thread_info))

device_handles  0x1800b480       0x28
                0x1800b480                __device_handles_start = .
 *(SORT_BY_NAME(SORT_BY_ALIGNMENT(.__device_handles_pass2*)))
 .__device_handles_pass2
                0x1800b480       0x28 zephyr/CMakeFiles/zephyr_final.dir/dev_handles.c.obj
                0x1800b480                __devicehdl_DT_N_S_soc_S_peripheral_50000000_S_gpio_0
                0x1800b486                __devicehdl_DT_N_S_soc_S_peripheral_50000000_S_gpio_1
                0x1800b48c                __devicehdl_DT_N_S_soc_S_peripheral_50000000_S_gpio_2
                0x1800b492                __devicehdl_DT_N_S_soc_S_peripheral_50000000_S_flexcomm_106000
                0x1800b49a                __devicehdl_DT_N_S_soc_S_peripheral_50000000_S_clkctl_1000
                0x1800b4a0                __devicehdl_DT_N_S_soc_S_peripheral_50000000_S_clkctl_21000
                0x1800b4a8                __device_handles_end = .

rodata          0x1800b4a8     0x298c
 *(SORT_BY_ALIGNMENT(.rodata))
 .rodata        0x1800b4a8       0x10 zephyr/libzephyr.a(shell.c.obj)
 .rodata        0x1800b4b8       0x12 zephyr/libzephyr.a(shell_ops.c.obj)
 .rodata        0x1800b4ca       0x1a zephyr/libzephyr.a(shell_cmds.c.obj)
 *(SORT_BY_ALIGNMENT(.rodata.*))
 .rodata._shell_monkey
                0x1800b4e4       0x14 app/libapp.a(main.c.obj)
 .rodata.g_sysPllConfig
                0x1800b4f8       0x10 zephyr/libzephyr.a(soc.c.obj)
                0x1800b4f8                g_sysPllConfig
 .rodata.colors
                0x1800b508       0x14 zephyr/libzephyr.a(log_output.c.obj)
 .rodata.severity
                0x1800b51c       0x14 zephyr/libzephyr.a(log_output.c.obj)
 .rodata._shell_log
                0x1800b530       0x14 zephyr/libzephyr.a(log_cmds.c.obj)
 .rodata.dsub_backend_name_dynamic
                0x1800b544        0x8 zephyr/libzephyr.a(log_cmds.c.obj)
 .rodata.dsub_module_name
                0x1800b54c        0x8 zephyr/libzephyr.a(log_cmds.c.obj)
 .rodata.dsub_severity_lvl
                0x1800b554        0x8 zephyr/libzephyr.a(log_cmds.c.obj)
 .rodata.severity_lvls
                0x1800b55c       0x14 zephyr/libzephyr.a(log_cmds.c.obj)
 .rodata.severity_lvls_sorted
                0x1800b570       0x14 zephyr/libzephyr.a(log_cmds.c.obj)
 .rodata.shell_sub_log_backend
                0x1800b584       0x78 zephyr/libzephyr.a(log_cmds.c.obj)
 .rodata.shell_sub_log_stat
                0x1800b5fc       0xc8 zephyr/libzephyr.a(log_cmds.c.obj)
 .rodata.sub_log_backend
                0x1800b6c4        0x8 zephyr/libzephyr.a(log_cmds.c.obj)
 .rodata.sub_log_stat
                0x1800b6cc        0x8 zephyr/libzephyr.a(log_cmds.c.obj)
 .rodata._shell_kernel
                0x1800b6d4       0x14 zephyr/libzephyr.a(kernel_service.c.obj)
 .rodata.shell_sub_kernel
                0x1800b6e8       0x8c zephyr/libzephyr.a(kernel_service.c.obj)
 .rodata.shell_sub_kernel_reboot
                0x1800b774       0x3c zephyr/libzephyr.a(kernel_service.c.obj)
 .rodata.sub_kernel
                0x1800b7b0        0x8 zephyr/libzephyr.a(kernel_service.c.obj)
 .rodata.sub_kernel_reboot
                0x1800b7b8        0x8 zephyr/libzephyr.a(kernel_service.c.obj)
 .rodata._shell_devmem
                0x1800b7c0       0x14 zephyr/libzephyr.a(devmem_service.c.obj)
 .rodata.shell_sub_devmem
                0x1800b7d4       0x28 zephyr/libzephyr.a(devmem_service.c.obj)
 .rodata.sub_devmem
                0x1800b7fc        0x8 zephyr/libzephyr.a(devmem_service.c.obj)
 .rodata.cfg_flags.0
                0x1800b804        0x4 zephyr/libzephyr.a(shell_uart.c.obj)
 .rodata.shell_transport_uart_shell_uart
                0x1800b808       0x10 zephyr/libzephyr.a(shell_uart.c.obj)
 .rodata.shell_uart_fprintf
                0x1800b818       0x14 zephyr/libzephyr.a(shell_uart.c.obj)
 .rodata.shell_uart_log_backend
                0x1800b82c       0x1c zephyr/libzephyr.a(shell_uart.c.obj)
 .rodata.shell_uart_log_output
                0x1800b848       0x10 zephyr/libzephyr.a(shell_uart.c.obj)
 .rodata.shell_uart_transport_api
                0x1800b858       0x18 zephyr/libzephyr.a(shell_uart.c.obj)
                0x1800b858                shell_uart_transport_api
 .rodata._shell_help
                0x1800b870       0x14 zephyr/libzephyr.a(shell.c.obj)
 .rodata.log_backend_shell_api
                0x1800b884       0x1c zephyr/libzephyr.a(shell_log_backend.c.obj)
                0x1800b884                log_backend_shell_api
 .rodata._shell_clear
                0x1800b8a0       0x14 zephyr/libzephyr.a(shell_cmds.c.obj)
 .rodata._shell_history
                0x1800b8b4       0x14 zephyr/libzephyr.a(shell_cmds.c.obj)
 .rodata._shell_resize
                0x1800b8c8       0x14 zephyr/libzephyr.a(shell_cmds.c.obj)
 .rodata._shell_shell
                0x1800b8dc       0x14 zephyr/libzephyr.a(shell_cmds.c.obj)
 .rodata.m_sub_backspace_mode
                0x1800b8f0        0x8 zephyr/libzephyr.a(shell_cmds.c.obj)
 .rodata.m_sub_colors
                0x1800b8f8        0x8 zephyr/libzephyr.a(shell_cmds.c.obj)
 .rodata.m_sub_echo
                0x1800b900        0x8 zephyr/libzephyr.a(shell_cmds.c.obj)
 .rodata.m_sub_resize
                0x1800b908        0x8 zephyr/libzephyr.a(shell_cmds.c.obj)
 .rodata.m_sub_shell
                0x1800b910        0x8 zephyr/libzephyr.a(shell_cmds.c.obj)